Operating system: Android
                  0.0.0 Linux 4.14.116 #1 SMP PREEMPT Tue Nov 23 13:23:51 CST 2021 aarch64
CPU: arm64
     8 CPUs

GPU: UNKNOWN

Crash reason:  SIGSEGV
Crash address: 0x0
Process uptime: not available

Thread 0 (crashed)
 0  libcrashdemo.so + 0x634
     x0 = 0x00000079174f3980    x1 = 0x0000007ff9fa1244
     x2 = 0x0000000000000000    x3 = 0x0000007917410800
     x4 = 0x0000007ff9fa1690    x5 = 0x00000078abb5f8ae
     x6 = 0x00000078ab6d8118    x7 = 0x0000000000000000
     x8 = 0x0000000000000000    x9 = 0x0000000000000001
    x10 = 0x0000000000430000   x11 = 0x00000079173d2000
    x12 = 0x000000799b5555a0   x13 = 0x84728211c596e079
    x14 = 0x0000007916f142cc   x15 = 0x0000000000000000
    x16 = 0x000000799879da30   x17 = 0x000000790770962c
    x18 = 0x000000799d90e000   x19 = 0x0000007917410800
    x20 = 0x0000007916f13490   x21 = 0x0000007917410800
    x22 = 0x0000007ff9fa1480   x23 = 0x00000078abb5f8ae
    x24 = 0x0000000000000004   x25 = 0x000000799ceaf020
    x26 = 0x00000079174108b0   x27 = 0x0000000000000001
    x28 = 0x0000000000000002    fp = 0x0000007ff9fa1300
     lr = 0x00000078ab6da090    sp = 0x0000007ff9fa1230
     pc = 0x0000007907709634
    Found by: given as instruction pointer in context
 1  base.odex (deleted) + 0x1208c
     fp = 0x0000007ff9fa1690    lr = 0x00000078abb5f8ae
     sp = 0x0000007ff9fa1310    pc = 0x00000078ab6da090
    Found by: previous frame's frame pointer
 2  base.vdex (deleted) + 0x4848aa
     fp = 0x0000000000000000    lr = 0x5795a36ad418b614
     sp = 0x0000007ff9fa16a0    pc = 0x00000078abb5f8ae
    Found by: previous frame's frame pointer
 3  0x5795a36ad418b610
     fp = 0x0000000000000000    lr = 0x0000000000000000
     sp = 0x0000007ff9fa16a0    pc = 0x5795a36ad418b614
    Found by: previous frame's frame pointer

Thread 1
 0  libc.so + 0x6cbbc
     x0 = 0x00000079174f4020    x1 = 0x0000000000000080
     x2 = 0x00000000000000e9    x3 = 0x0000000000000000
     x4 = 0x0000000000000000    x5 = 0x0000000000000000
     x6 = 0x0000000000000000    x7 = 0x0000007917481240
     x8 = 0x0000000000000062    x9 = 0x5795a36ad418b614
    x10 = 0x0000000000000000   x11 = 0x0000000000000001
    x12 = 0x00000079174a4380   x13 = 0x00000079174da200
    x14 = 0x0000000000000000   x15 = 0x00000bb03f9ff857
    x16 = 0x00000079173d0d40   x17 = 0x000000799872eba0
    x18 = 0x0000007907a46000   x19 = 0x00000079174f4008
    x20 = 0x000000790a826000   x21 = 0x00000000000000e9
    x22 = 0x00000079174f4020   x23 = 0x00000079174f4008
    x24 = 0x000000790ba4dd40   x25 = 0x000000799cd5f020
    x26 = 0x0000000000000001   x27 = 0x000000799ceaf020
    x28 = 0x00000079174f3fc8    fp = 0x000000790ba4dc30
     lr = 0x0000007916f292a4    sp = 0x000000790ba4dbd0
     pc = 0x000000799872ebbc
    Found by: given as instruction pointer in context
 1  libart.so + 0x15c2a0
     fp = 0x000000790ba4dc70    lr = 0x000000791730d234
     sp = 0x000000790ba4dc40    pc = 0x0000007916f292a4
    Found by: previous frame's frame pointer
 2  libart.so + 0x540230
     fp = 0x000000790ba4dca0    lr = 0x000000791730c544
     sp = 0x000000790ba4dc80    pc = 0x000000791730d234
    Found by: previous frame's frame pointer
 3  libart.so + 0x53f540
     fp = 0x000000790ba4dce0    lr = 0x000000791730c008
     sp = 0x000000790ba4dcb0    pc = 0x000000791730c544
    Found by: previous frame's frame pointer
 4  libart.so + 0x53f004
     fp = 0x000000790ba4dd00    lr = 0x00000079987917c4
     sp = 0x000000790ba4dcf0    pc = 0x000000791730c008
    Found by: previous frame's frame pointer
 5  libc.so + 0xcf7c0
     fp = 0x000000790ba4dd30    lr = 0x00000079987341ac
     sp = 0x000000790ba4dd10    pc = 0x00000079987917c4
    Found by: previous frame's frame pointer
 6  libc.so + 0x721a8
     fp = 0x0000000000000000    lr = 0x0000000000000000
     sp = 0x000000790ba4dd40    pc = 0x00000079987341ac
    Found by: previous frame's frame pointer

Thread 2
 0  libc.so + 0xbb088
     x0 = 0xfffffffffffffffc    x1 = 0x0000000000000000
     x2 = 0x0000000000000000    x3 = 0x0000000000000008
     x4 = 0x0000000000000000    x5 = 0x0000000000000000
     x6 = 0x0000000000000000    x7 = 0x00000079173be020
     x8 = 0x0000000000000089    x9 = 0x5795a36ad418b614
    x10 = 0x0000000000000001   x11 = 0x0000000000000000
    x12 = 0x0000000000000004   x13 = 0x0000007916f1426c
    x14 = 0x0000007916f142cc   x15 = 0x0000000000000000
    x16 = 0x000000799879d900   x17 = 0x0000007998732580
    x18 = 0x00000078b6a78000   x19 = 0x000000790b948c14
    x20 = 0x000000790b949008   x21 = 0x000000790b949020
    x22 = 0x0000000080000204   x23 = 0x0000007916e8d3c7
    x24 = 0x000000790b948d50   x25 = 0x000000790b948d50
    x26 = 0x000000790b949020   x27 = 0x00000079173d4000
    x28 = 0x000000790b949020    fp = 0x000000790b948be0
     lr = 0x000000799873ef68    sp = 0x000000790b948bb0
     pc = 0x000000799877d088
    Found by: given as instruction pointer in context
 1  libc.so + 0x7cf64
     fp = 0x000000790b948c70    lr = 0x00000079172cf83c
     sp = 0x000000790b948bf0    pc = 0x000000799873ef68
    Found by: previous frame's frame pointer
 2  libart.so + 0x502838
     fp = 0x000000790b948cf0    lr = 0x00000079172ce558
     sp = 0x000000790b948c80    pc = 0x00000079172cf83c
    Found by: previous frame's frame pointer
 3  libart.so + 0x501554
     fp = 0x000000790b948d10    lr = 0x00000079987917c4
     sp = 0x000000790b948d00    pc = 0x00000079172ce558
    Found by: previous frame's frame pointer
 4  libc.so + 0xcf7c0
     fp = 0x000000790b948d40    lr = 0x00000079987341ac
     sp = 0x000000790b948d20    pc = 0x00000079987917c4
    Found by: previous frame's frame pointer
 5  libc.so + 0x721a8
     fp = 0x0000000000000000    lr = 0x0000000000000000
     sp = 0x000000790b948d50    pc = 0x00000079987341ac
    Found by: previous frame's frame pointer

Thread 3
 0  libc.so + 0x6cbbc
     x0 = 0x0000007917505ec8    x1 = 0x0000000000000080
     x2 = 0x00000000000000ca    x3 = 0x0000000000000000
     x4 = 0x0000000000000000    x5 = 0x0000000000000000
     x6 = 0x0000000000000000    x7 = 0x000000000248a364
     x8 = 0x0000000000000062    x9 = 0x5795a36ad418b614
    x10 = 0x0000000000000000   x11 = 0x0000000000000000
    x12 = 0x0000000000000016   x13 = 0x0000000061ed46f2
    x14 = 0x0004c86bd8b12400   x15 = 0x000018ab9cdfefd5
    x16 = 0x00000079173d0d40   x17 = 0x000000799872eba0
    x18 = 0x00000078b38c2000   x19 = 0x0000007917505eb0
    x20 = 0x0000007906214000   x21 = 0x00000000000000ca
    x22 = 0x0000007917505ec8   x23 = 0x0000007917505e88
    x24 = 0x000000790b84c020   x25 = 0x000000790b84c020
    x26 = 0x0000000000000001   x27 = 0x431bde82d7b634db
    x28 = 0x00000000fff0bdc0    fp = 0x000000790b84b740
     lr = 0x0000007916f292a4    sp = 0x000000790b84b6e0
     pc = 0x000000799872ebbc
    Found by: given as instruction pointer in context
 1  libart.so + 0x15c2a0
     fp = 0x000000790b84b7d0    lr = 0x0000007917074968
     sp = 0x000000790b84b750    pc = 0x0000007916f292a4
    Found by: previous frame's frame pointer
 2  libart.so + 0x2a7964
     fp = 0x000000790b84b820    lr = 0x0000007917075250
     sp = 0x000000790b84b7e0    pc = 0x0000007917074968
    Found by: previous frame's frame pointer
 3  libart.so + 0x2a824c
     fp = 0x000000790b84b990    lr = 0x0000000071067af0
     sp = 0x000000790b84b830    pc = 0x0000007917075250
    Found by: previous frame's frame pointer
 4  boot-core-libart.oat + 0x67aec
     fp = 0x000000790b84bb70    lr = 0x0000007916cf0106
     sp = 0x000000790b84b9a0    pc = 0x0000000071067af0
    Found by: previous frame's frame pointer
 5  core-oj.jar + 0x3dc102
     fp = 0x0000000000000000    lr = 0x0000007916cf0106
     sp = 0x000000790b84bb80    pc = 0x0000007916cf0106
    Found by: previous frame's frame pointer
 6  core-oj.jar + 0x3dc102
     fp = 0x0000000000000000    lr = 0x0000000000000000
     sp = 0x000000790b84bb80    pc = 0x0000007916cf0106
    Found by: previous frame's frame pointer

Thread 4
 0  libc.so + 0x6cbbc
     x0 = 0x00000079063cee18    x1 = 0x0000000000000080
     x2 = 0x0000000000000001    x3 = 0x0000000000000000
     x4 = 0x0000000000000000    x5 = 0x0000000000000000
     x6 = 0x0000000000000000    x7 = 0x00000079066ef980
     x8 = 0x0000000000000062    x9 = 0x5795a36ad418b614
    x10 = 0x0000000000000000   x11 = 0x0000000000000000
    x12 = 0x00000079066ef8a0   x13 = 0x00000079066ef7c0
    x14 = 0x0000000000000000   x15 = 0x0000000000000000
    x16 = 0x00000079173d0d40   x17 = 0x000000799872eba0
    x18 = 0x00000078b41e4000   x19 = 0x00000079063cee00
    x20 = 0x0000007906217800   x21 = 0x0000000000000001
    x22 = 0x00000079063cee18   x23 = 0x0000000000000000
    x24 = 0x000000790631dc90   x25 = 0x000000790b743020
    x26 = 0x0000000000000001   x27 = 0x0000000000000047
    x28 = 0x000000790b743020    fp = 0x000000790b7426c0
     lr = 0x0000007916f292a4    sp = 0x000000790b742660
     pc = 0x000000799872ebbc
    Found by: given as instruction pointer in context
 1  libart.so + 0x15c2a0
     fp = 0x000000790b742760    lr = 0x00000079171f62e8
     sp = 0x000000790b7426d0    pc = 0x0000007916f292a4
    Found by: previous frame's frame pointer
 2  libart.so + 0x4292e4
     fp = 0x000000790b7427f0    lr = 0x00000079171f7f94
     sp = 0x000000790b742770    pc = 0x00000079171f62e8
    Found by: previous frame's frame pointer
 3  libart.so + 0x42af90
     fp = 0x000000790b742990    lr = 0x0000000070c8c3e0
     sp = 0x000000790b742800    pc = 0x00000079171f7f94
    Found by: previous frame's frame pointer
 4  boot.oat + 0xef3dc
     fp = 0x000000790b742b70    lr = 0x0000007916cf0106
     sp = 0x000000790b7429a0    pc = 0x0000000070c8c3e0
    Found by: previous frame's frame pointer
 5  core-oj.jar + 0x3dc102
     fp = 0x0000000000000000    lr = 0x0000007916cf0106
     sp = 0x000000790b742b80    pc = 0x0000007916cf0106
    Found by: previous frame's frame pointer
 6  core-oj.jar + 0x3dc102
     fp = 0x0000000000000000    lr = 0x0000000000000000
     sp = 0x000000790b742b80    pc = 0x0000007916cf0106
    Found by: previous frame's frame pointer

Thread 5
 0  libc.so + 0x6cbbc
     x0 = 0x000000790636e078    x1 = 0x0000000000000080
     x2 = 0x0000000000000001    x3 = 0x0000000000000000
     x4 = 0x0000000000000000    x5 = 0x0000000000000000
     x6 = 0x0000000000000000    x7 = 0x00000078ffcd2800
     x8 = 0x0000000000000062    x9 = 0x5795a36ad418b614
    x10 = 0x0000000000000000   x11 = 0x00000000000002a8
    x12 = 0x00000078ffcd27e0   x13 = 0x00000078ffcd27c0
    x14 = 0x0000000000000000   x15 = 0x000000006fa44a90
    x16 = 0x00000079173d0d40   x17 = 0x000000799872eba0
    x18 = 0x00000078b56ee000   x19 = 0x000000790636e060
    x20 = 0x0000007906219400   x21 = 0x0000000000000001
    x22 = 0x000000790636e078   x23 = 0x0000000000000000
    x24 = 0x0000007917464170   x25 = 0x000000790b63a020
    x26 = 0x0000000000000001   x27 = 0x0000000000000047
    x28 = 0x000000790b63a020    fp = 0x000000790b639630
     lr = 0x0000007916f292a4    sp = 0x000000790b6395d0
     pc = 0x000000799872ebbc
    Found by: given as instruction pointer in context
 1  libart.so + 0x15c2a0
     fp = 0x000000790b6396d0    lr = 0x00000079171f62e8
     sp = 0x000000790b639640    pc = 0x0000007916f292a4
    Found by: previous frame's frame pointer
 2  libart.so + 0x4292e4
     fp = 0x000000790b639760    lr = 0x00000079171f7f94
     sp = 0x000000790b6396e0    pc = 0x00000079171f62e8
    Found by: previous frame's frame pointer
 3  libart.so + 0x42af90
     fp = 0x000000790b639990    lr = 0x0000000070c8c3e0
     sp = 0x000000790b639770    pc = 0x00000079171f7f94
    Found by: previous frame's frame pointer
 4  boot.oat + 0xef3dc
     fp = 0x000000790b639b70    lr = 0x0000007916cf0106
     sp = 0x000000790b6399a0    pc = 0x0000000070c8c3e0
    Found by: previous frame's frame pointer
 5  core-oj.jar + 0x3dc102
     fp = 0x0000000000000000    lr = 0x0000007916cf0106
     sp = 0x000000790b639b80    pc = 0x0000007916cf0106
    Found by: previous frame's frame pointer
 6  core-oj.jar + 0x3dc102
     fp = 0x0000000000000000    lr = 0x0000000000000000
     sp = 0x000000790b639b80    pc = 0x0000007916cf0106
    Found by: previous frame's frame pointer

Thread 6
 0  libc.so + 0x6cbbc
     x0 = 0x00000079174815d8    x1 = 0x0000000000000080
     x2 = 0x0000000000000001    x3 = 0x0000000000000000
     x4 = 0x0000000000000000    x5 = 0x0000000000000000
     x6 = 0x0000000000000000    x7 = 0x000000000248ad28
     x8 = 0x0000000000000062    x9 = 0x5795a36ad418b614
    x10 = 0x0000000000000000   x11 = 0x0000000000000145
    x12 = 0x0000000000000016   x13 = 0x00000000fa000000
    x14 = 0x0004c86bd8805000   x15 = 0x0000118ebb0a9f29
    x16 = 0x00000079173d0d40   x17 = 0x000000799872eba0
    x18 = 0x00000078b0e38000   x19 = 0x00000079174815c0
    x20 = 0x000000791752d000   x21 = 0x0000000000000001
    x22 = 0x00000079174815d8   x23 = 0x0000000000000000
    x24 = 0x0000007917464230   x25 = 0x000000790b531020
    x26 = 0x0000000000000001   x27 = 0x0000000000000047
    x28 = 0x000000790b531020    fp = 0x000000790b530690
     lr = 0x0000007916f292a4    sp = 0x000000790b530630
     pc = 0x000000799872ebbc
    Found by: given as instruction pointer in context
 1  libart.so + 0x15c2a0
     fp = 0x000000790b530730    lr = 0x00000079171f62e8
     sp = 0x000000790b5306a0    pc = 0x0000007916f292a4
    Found by: previous frame's frame pointer
 2  libart.so + 0x4292e4
     fp = 0x000000790b5307c0    lr = 0x00000079171f7f94
     sp = 0x000000790b530740    pc = 0x00000079171f62e8
    Found by: previous frame's frame pointer
 3  libart.so + 0x42af90
     fp = 0x000000790b530990    lr = 0x0000000070c8c3e0
     sp = 0x000000790b5307d0    pc = 0x00000079171f7f94
    Found by: previous frame's frame pointer
 4  boot.oat + 0xef3dc
     fp = 0x000000790b530b70    lr = 0x0000007916cf0106
     sp = 0x000000790b5309a0    pc = 0x0000000070c8c3e0
    Found by: previous frame's frame pointer
 5  core-oj.jar + 0x3dc102
     fp = 0x0000000000000000    lr = 0x0000007916cf0106
     sp = 0x000000790b530b80    pc = 0x0000007916cf0106
    Found by: previous frame's frame pointer
 6  core-oj.jar + 0x3dc102
     fp = 0x0000000000000000    lr = 0x0000000000000000
     sp = 0x000000790b530b80    pc = 0x0000007916cf0106
    Found by: previous frame's frame pointer

Thread 7
 0  libc.so + 0xbaf44
     x0 = 0x000000000000000a    x1 = 0x00000000c0306201
     x2 = 0x000000790b329b18    x3 = 0x0000000000000000
     x4 = 0x0000000000000000    x5 = 0x0000000000000000
     x6 = 0x0000000000000000    x7 = 0x0077006100750068
     x8 = 0x000000000000001d    x9 = 0x000000790b329ac8
    x10 = 0x000000790b329a90   x11 = 0x000000790b329ac8
    x12 = 0x000000790b329b10   x13 = 0x006c007200740063
    x14 = 0x0000000000000199   x15 = 0x0000000000000000
    x16 = 0x0000007998ff7468   x17 = 0x000000799873aa00
    x18 = 0x00000078b0806000   x19 = 0x000000790b32a020
    x20 = 0x000000790a85c400   x21 = 0x000000790a85c520
    x22 = 0x00000000fffffff7   x23 = 0x0000000000000100
    x24 = 0x000000790b32a020   x25 = 0x0000000000000000
    x26 = 0x000000790b32a020   x27 = 0x000000799ceaf020
    x28 = 0x0000000000000001    fp = 0x000000790b329b00
     lr = 0x000000799873aa88    sp = 0x000000790b329a10
     pc = 0x000000799877cf44
    Found by: given as instruction pointer in context
 1  libc.so + 0x78a84
     fp = 0x000000790b329b90    lr = 0x0000007998fa7f88
     sp = 0x000000790b329b10    pc = 0x000000799873aa88
    Found by: previous frame's frame pointer
 2  libbinder.so + 0x64f84
     fp = 0x000000790b329bc0    lr = 0x0000007998fa815c
     sp = 0x000000790b329ba0    pc = 0x0000007998fa7f88
    Found by: previous frame's frame pointer
 3  libbinder.so + 0x65158
     fp = 0x000000790b329bf0    lr = 0x0000007998fa8a7c
     sp = 0x000000790b329bd0    pc = 0x0000007998fa815c
    Found by: previous frame's frame pointer
 4  libbinder.so + 0x65a78
     fp = 0x000000790b329c10    lr = 0x0000007998fcebb4
     sp = 0x000000790b329c00    pc = 0x0000007998fa8a7c
    Found by: previous frame's frame pointer
 5  libbinder.so + 0x8bbb0
     fp = 0x000000790b329c80    lr = 0x000000799c0326d8
     sp = 0x000000790b329c20    pc = 0x0000007998fcebb4
    Found by: previous frame's frame pointer
 6  libutils.so + 0x136d4
     fp = 0x000000790b329cf0    lr = 0x000000799b937ff0
     sp = 0x000000790b329c90    pc = 0x000000799c0326d8
    Found by: previous frame's frame pointer
 7  libandroid_runtime.so + 0x104fec
     fp = 0x000000790b329d10    lr = 0x00000079987917c4
     sp = 0x000000790b329d00    pc = 0x000000799b937ff0
    Found by: previous frame's frame pointer
 8  libc.so + 0xcf7c0
     fp = 0x000000790b329d40    lr = 0x00000079987341ac
     sp = 0x000000790b329d20    pc = 0x00000079987917c4
    Found by: previous frame's frame pointer
 9  libc.so + 0x721a8
     fp = 0x0000000000000000    lr = 0x0000000000000000
     sp = 0x000000790b329d50    pc = 0x00000079987341ac
    Found by: previous frame's frame pointer

Thread 8
 0  libc.so + 0xbaf44
     x0 = 0x000000000000000a    x1 = 0x00000000c0306201
     x2 = 0x000000790b22cb18    x3 = 0x0000000000000000
     x4 = 0x0000000000000000    x5 = 0x0000000000000000
     x6 = 0x0000000000000000    x7 = 0x0000000000000010
     x8 = 0x000000000000001d    x9 = 0x000000790b22cac8
    x10 = 0x000000790b22ca90   x11 = 0x000000790b22cac8
    x12 = 0x000000790b22cb10   x13 = 0x0000000000000000
    x14 = 0x000000000000037a   x15 = 0x0000000000000000
    x16 = 0x0000007998ff7468   x17 = 0x000000799873aa00
    x18 = 0x00000078af64c000   x19 = 0x000000790b22d020
    x20 = 0x00000079174a8c00   x21 = 0x00000079174a8d20
    x22 = 0x00000000fffffff7   x23 = 0x0000000000000100
    x24 = 0x000000790b22d020   x25 = 0x0000000000000000
    x26 = 0x000000790b22d020   x27 = 0x000000790b32a020
    x28 = 0x0000000000000001    fp = 0x000000790b22cb00
     lr = 0x000000799873aa88    sp = 0x000000790b22ca10
     pc = 0x000000799877cf44
    Found by: given as instruction pointer in context
 1  libc.so + 0x78a84
     fp = 0x000000790b22cb90    lr = 0x0000007998fa7f88
     sp = 0x000000790b22cb10    pc = 0x000000799873aa88
    Found by: previous frame's frame pointer
 2  libbinder.so + 0x64f84
     fp = 0x000000790b22cbc0    lr = 0x0000007998fa815c
     sp = 0x000000790b22cba0    pc = 0x0000007998fa7f88
    Found by: previous frame's frame pointer
 3  libbinder.so + 0x65158
     fp = 0x000000790b22cbf0    lr = 0x0000007998fa8a7c
     sp = 0x000000790b22cbd0    pc = 0x0000007998fa815c
    Found by: previous frame's frame pointer
 4  libbinder.so + 0x65a78
     fp = 0x000000790b22cc10    lr = 0x0000007998fcebb4
     sp = 0x000000790b22cc00    pc = 0x0000007998fa8a7c
    Found by: previous frame's frame pointer
 5  libbinder.so + 0x8bbb0
     fp = 0x000000790b22cc80    lr = 0x000000799c0326d8
     sp = 0x000000790b22cc20    pc = 0x0000007998fcebb4
    Found by: previous frame's frame pointer
 6  libutils.so + 0x136d4
     fp = 0x000000790b22ccf0    lr = 0x000000799b937ff0
     sp = 0x000000790b22cc90    pc = 0x000000799c0326d8
    Found by: previous frame's frame pointer
 7  libandroid_runtime.so + 0x104fec
     fp = 0x000000790b22cd10    lr = 0x00000079987917c4
     sp = 0x000000790b22cd00    pc = 0x000000799b937ff0
    Found by: previous frame's frame pointer
 8  libc.so + 0xcf7c0
     fp = 0x000000790b22cd40    lr = 0x00000079987341ac
     sp = 0x000000790b22cd20    pc = 0x00000079987917c4
    Found by: previous frame's frame pointer
 9  libc.so + 0x721a8
     fp = 0x0000000000000000    lr = 0x0000000000000000
     sp = 0x000000790b22cd50    pc = 0x00000079987341ac
    Found by: previous frame's frame pointer

Thread 9
 0  libc.so + 0xbaf44
     x0 = 0x000000000000000a    x1 = 0x00000000c0306201
     x2 = 0x000000790b026b18    x3 = 0x0000000000000000
     x4 = 0x0000000000000000    x5 = 0x0000000000000000
     x6 = 0x0000000000000000    x7 = 0x0000000000000020
     x8 = 0x000000000000001d    x9 = 0x000000790b026ac8
    x10 = 0x000000790b026a90   x11 = 0x000000790b026ac8
    x12 = 0x000000790b026b10   x13 = 0x0000000000000000
    x14 = 0x0000000000000b0e   x15 = 0x0000000000000000
    x16 = 0x0000007998ff7468   x17 = 0x000000799873aa00
    x18 = 0x00000078acfbc000   x19 = 0x000000790b027020
    x20 = 0x00000079063cdc00   x21 = 0x00000079063cdd20
    x22 = 0x00000000fffffff7   x23 = 0x0000000000000100
    x24 = 0x000000790b027020   x25 = 0x0000000000000000
    x26 = 0x000000790b027020   x27 = 0x000000790b32a020
    x28 = 0x0000000000000001    fp = 0x000000790b026b00
     lr = 0x000000799873aa88    sp = 0x000000790b026a10
     pc = 0x000000799877cf44
    Found by: given as instruction pointer in context
 1  libc.so + 0x78a84
     fp = 0x000000790b026b90    lr = 0x0000007998fa7f88
     sp = 0x000000790b026b10    pc = 0x000000799873aa88
    Found by: previous frame's frame pointer
 2  libbinder.so + 0x64f84
     fp = 0x000000790b026bc0    lr = 0x0000007998fa815c
     sp = 0x000000790b026ba0    pc = 0x0000007998fa7f88
    Found by: previous frame's frame pointer
 3  libbinder.so + 0x65158
     fp = 0x000000790b026bf0    lr = 0x0000007998fa8a7c
     sp = 0x000000790b026bd0    pc = 0x0000007998fa815c
    Found by: previous frame's frame pointer
 4  libbinder.so + 0x65a78
     fp = 0x000000790b026c10    lr = 0x0000007998fcebb4
     sp = 0x000000790b026c00    pc = 0x0000007998fa8a7c
    Found by: previous frame's frame pointer
 5  libbinder.so + 0x8bbb0
     fp = 0x000000790b026c80    lr = 0x000000799c0326d8
     sp = 0x000000790b026c20    pc = 0x0000007998fcebb4
    Found by: previous frame's frame pointer
 6  libutils.so + 0x136d4
     fp = 0x000000790b026cf0    lr = 0x000000799b937ff0
     sp = 0x000000790b026c90    pc = 0x000000799c0326d8
    Found by: previous frame's frame pointer
 7  libandroid_runtime.so + 0x104fec
     fp = 0x000000790b026d10    lr = 0x00000079987917c4
     sp = 0x000000790b026d00    pc = 0x000000799b937ff0
    Found by: previous frame's frame pointer
 8  libc.so + 0xcf7c0
     fp = 0x000000790b026d40    lr = 0x00000079987341ac
     sp = 0x000000790b026d20    pc = 0x00000079987917c4
    Found by: previous frame's frame pointer
 9  libc.so + 0x721a8
     fp = 0x0000000000000000    lr = 0x0000000000000000
     sp = 0x000000790b026d50    pc = 0x00000079987341ac
    Found by: previous frame's frame pointer

Thread 10
 0  libc.so + 0xbae08
     x0 = 0xfffffffffffffffc    x1 = 0x000000790af294a0
     x2 = 0x0000000000000010    x3 = 0x00000000000003e8
     x4 = 0x0000000000000000    x5 = 0x0000000000000008
     x6 = 0x000000799e169000    x7 = 0x000000000248b546
     x8 = 0x0000000000000016    x9 = 0x7fffffffffffffff
    x10 = 0x0000000000000000   x11 = 0x0000000000000000
    x12 = 0x0000000000000016   x13 = 0x0000000061ed46fb
    x14 = 0x00071b839857ba00   x15 = 0x00000c6551caa28b
    x16 = 0x000000799c03ad70   x17 = 0x0000007998740660
    x18 = 0x00000078ac292000   x19 = 0x000000790a88e700
    x20 = 0x000000790a88e7a8   x21 = 0x00000000000003e8
    x22 = 0x00000000000003e8   x23 = 0x000000790a88e700
    x24 = 0x0000000000000004   x25 = 0x000000790af2a020
    x26 = 0x0000000019380730   x27 = 0x000000790a82e340
    x28 = 0x000000006fc996a0    fp = 0x000000790af29600
     lr = 0x000000799c036b64    sp = 0x000000790af29460
     pc = 0x000000799877ce08
    Found by: given as instruction pointer in context
 1  libutils.so + 0x17b60
     fp = 0x000000790af29640    lr = 0x000000799c036a34
     sp = 0x000000790af29610    pc = 0x000000799c036b64
    Found by: previous frame's frame pointer
 2  libutils.so + 0x17a30
     fp = 0x000000790af29660    lr = 0x000000799b9b8cc8
     sp = 0x000000790af29650    pc = 0x000000799c036a34
    Found by: previous frame's frame pointer
 3  libandroid_runtime.so + 0x185cc4
     fp = 0x000000006fc57920    lr = 0x00000000715d6e70
     sp = 0x000000790af29670    pc = 0x000000799b9b8cc8
    Found by: previous frame's frame pointer
 4  boot-framework.art + 0x74c414
     sp = 0x000000790af29678    pc = 0x0000000070398418
    Found by: stack scanning
 5  boot-framework.art + 0x4d69c
     sp = 0x000000790af29720    pc = 0x000000006fc996a0
    Found by: stack scanning
 6  boot-framework.art + 0xb91c
     sp = 0x000000790af29728    pc = 0x000000006fc57920
    Found by: stack scanning
 7  boot-framework.oat + 0x8a0244
     sp = 0x000000790af29730    pc = 0x0000000071b7e248
    Found by: stack scanning
 8  boot-framework.art + 0x74c6bc
     sp = 0x000000790af29738    pc = 0x00000000703986c0
    Found by: stack scanning
 9  boot-framework.art + 0x3765cc
     sp = 0x000000790af29758    pc = 0x000000006ffc25d0
    Found by: stack scanning
10  boot.art + 0x8e1cc
     sp = 0x000000790af297c0    pc = 0x000000006f81d1d0
    Found by: stack scanning
11  boot.art + 0xf6a6c
     sp = 0x000000790af297d0    pc = 0x000000006f885a70
    Found by: stack scanning
12  boot-framework.art + 0x36d37c
     sp = 0x000000790af297d8    pc = 0x000000006ffb9380
    Found by: stack scanning
13  boot.art + 0xfa064
     sp = 0x000000790af297e0    pc = 0x000000006f889068
    Found by: stack scanning
14  boot-framework.art + 0x15fdc
     sp = 0x000000790af297e8    pc = 0x000000006fc61fe0
    Found by: stack scanning
15  boot-framework.oat + 0x89cdb8
     sp = 0x000000790af297f0    pc = 0x0000000071b7adbc
    Found by: stack scanning
16  boot-framework.art + 0x5e0dac
     sp = 0x000000790af297f8    pc = 0x000000007022cdb0
    Found by: stack scanning
17  boot-framework.art + 0x12dd0c
     sp = 0x000000790af298f0    pc = 0x000000006fd79d10
    Found by: stack scanning
18  boot-framework.art + 0x12dd0c
     sp = 0x000000790af298f8    pc = 0x000000006fd79d10
    Found by: stack scanning
19  boot-framework.oat + 0x89bad0
     sp = 0x000000790af29920    pc = 0x0000000071b79ad4
    Found by: stack scanning
20  boot-framework.art + 0x5387a4
     sp = 0x000000790af29928    pc = 0x00000000701847a8
    Found by: stack scanning
21  libart.so + 0x147334
     sp = 0x000000790af29980    pc = 0x0000007916f14338
    Found by: stack scanning
22  boot-framework.art + 0x5387a4
     sp = 0x000000790af299b0    pc = 0x00000000701847a8
    Found by: stack scanning
23  libart.so + 0x1561b4
     sp = 0x000000790af299c0    pc = 0x0000007916f231b8
    Found by: stack scanning
24  boot-framework.art + 0x5387a4
     sp = 0x000000790af29a18    pc = 0x00000000701847a8
    Found by: stack scanning
25  libart.so + 0x4d8820
     sp = 0x000000790af29a50    pc = 0x00000079172a5824
    Found by: stack scanning
26  libc.so + 0x66d48
     sp = 0x000000790af29ab0    pc = 0x0000007998728d4c
    Found by: stack scanning
27  libc.so + 0x58770
     sp = 0x000000790af29ad0    pc = 0x000000799871a774
    Found by: stack scanning
28  libart.so + 0xbcedc
     sp = 0x000000790af29af8    pc = 0x0000007916e89ee0
    Found by: stack scanning
29  boot-framework.art + 0x5387a4
     sp = 0x000000790af29b40    pc = 0x00000000701847a8
    Found by: stack scanning
30  libart.so + 0x4d98b4
     sp = 0x000000790af29b70    pc = 0x00000079172a68b8
    Found by: stack scanning
31  libart.so + 0x9b440
     sp = 0x000000790af29ba0    pc = 0x0000007916e68444
    Found by: stack scanning
32  libart.so + 0x1981d0
     sp = 0x000000790af29bd0    pc = 0x0000007916f651d4
    Found by: stack scanning
33  libart.so + 0x9b440
     sp = 0x000000790af29c00    pc = 0x0000007916e68444
    Found by: stack scanning
34  boot.art + 0x20f6fc
     sp = 0x000000790af29c18    pc = 0x000000006f99e700
    Found by: stack scanning
35  libart.so + 0x51ca8c
     sp = 0x000000790af29c30    pc = 0x00000079172e9a90
    Found by: stack scanning
36  libc.so + 0xcf798
     sp = 0x000000790af29ce8    pc = 0x000000799879179c
    Found by: stack scanning
37  libc.so + 0xcf7c0
     sp = 0x000000790af29d00    pc = 0x00000079987917c4
    Found by: stack scanning
38  libc.so + 0x721a8
     sp = 0x000000790af29d20    pc = 0x00000079987341ac
    Found by: stack scanning
39  libart.so + 0x51c5b8
     sp = 0x000000790af29db8    pc = 0x00000079172e95bc
    Found by: stack scanning

Thread 11
 0  libc.so + 0x6cbbc
     x0 = 0x00000078ffc182a8    x1 = 0x0000000000000080
     x2 = 0x0000000000000001    x3 = 0x0000000000000000
     x4 = 0x0000000000000000    x5 = 0x0000000000000000
     x6 = 0x0000000000000000    x7 = 0x000000000248a5a0
     x8 = 0x0000000000000062    x9 = 0x5795a36ad418b614
    x10 = 0x0000000000000000   x11 = 0x5795a36ad418b614
    x12 = 0x0000000000000016   x13 = 0x0000000061ed46f3
    x14 = 0x0006edbcd8a5f800   x15 = 0x0000146b270a9d49
    x16 = 0x00000079173d0d40   x17 = 0x000000799872eba0
    x18 = 0x00000078aa980000   x19 = 0x00000078ffc18290
    x20 = 0x00000078ffcbd000   x21 = 0x0000000000000001
    x22 = 0x00000078ffc182a8   x23 = 0x00000078ffc18290
    x24 = 0x000096e4711d6d02   x25 = 0x000000790ae21020
    x26 = 0x0000000000000001   x27 = 0x00000079173d2000
    x28 = 0x0000007916e6744f    fp = 0x000000790ae20c10
     lr = 0x0000007916f292a4    sp = 0x000000790ae20bb0
     pc = 0x000000799872ebbc
    Found by: given as instruction pointer in context
 1  libart.so + 0x15c2a0
     fp = 0x000000790ae20cb0    lr = 0x000000791712f470
     sp = 0x000000790ae20c20    pc = 0x0000007916f292a4
    Found by: previous frame's frame pointer
 2  libart.so + 0x36246c
     fp = 0x000000790ae20cf0    lr = 0x00000079171331b8
     sp = 0x000000790ae20cc0    pc = 0x000000791712f470
    Found by: previous frame's frame pointer
 3  libart.so + 0x3661b4
     fp = 0x000000790ae20d10    lr = 0x00000079987917c4
     sp = 0x000000790ae20d00    pc = 0x00000079171331b8
    Found by: previous frame's frame pointer
 4  libc.so + 0xcf7c0
     fp = 0x000000790ae20d40    lr = 0x00000079987341ac
     sp = 0x000000790ae20d20    pc = 0x00000079987917c4
    Found by: previous frame's frame pointer
 5  libc.so + 0x721a8
     fp = 0x0000000000000000    lr = 0x0000000000000000
     sp = 0x000000790ae20d50    pc = 0x00000079987341ac
    Found by: previous frame's frame pointer

Thread 12
 0  libhwui.so + 0x5701a8
     x0 = 0x000000790a964fe0    x1 = 0x000000790a90c3a8
     x2 = 0x00000078a60687b8    x3 = 0x000000790ac7e9d0
     x4 = 0x000000790ac7ed38    x5 = 0x0000000000000000
     x6 = 0x000000790ac7ed38    x7 = 0x0000000000000000
     x8 = 0x000000799a5701a8    x9 = 0x000000790ac7e9f8
    x10 = 0x0000000000000000   x11 = 0x0000000000006f94
    x12 = 0x0000000000006fa0   x13 = 0x0000000000000004
    x14 = 0x00000078a50ef040   x15 = 0x000000000000000a
    x16 = 0x00000078fb19b4b4   x17 = 0x000000790ac7e990
    x18 = 0x00000078a9906000   x19 = 0x000000790a90c340
    x20 = 0x000000790a90c3a8   x21 = 0x000000790ac7ed38
    x22 = 0x00000078a60687b8   x23 = 0x0000000000000000
    x24 = 0x000000790a964fe0   x25 = 0x000000790ac81020
    x26 = 0x000000790a90c340   x27 = 0x0000000000000001
    x28 = 0x0000000000000000    fp = 0x000000790ac7ea60
     lr = 0x000000799a2ee188    sp = 0x000000790ac7e9c0
     pc = 0x000000799a5701a8
    Found by: given as instruction pointer in context
 1  libhwui.so + 0x2ee184
     fp = 0x000000790ac7eb30    lr = 0x000000799a2ed2b4
     sp = 0x000000790ac7ea70    pc = 0x000000799a2ee188
    Found by: previous frame's frame pointer
 2  libhwui.so + 0x2ed2b0
     fp = 0x000000790ac7ebe0    lr = 0x000000799a2ecb44
     sp = 0x000000790ac7eb40    pc = 0x000000799a2ed2b4
    Found by: previous frame's frame pointer
 3  libhwui.so + 0x2ecb40
     fp = 0x000000790ac7ec00    lr = 0x000000799a2eca7c
     sp = 0x000000790ac7ebf0    pc = 0x000000799a2ecb44
    Found by: previous frame's frame pointer
 4  libhwui.so + 0x2eca78
     fp = 0x000000790ac7ec70    lr = 0x000000799a2b0a30
     sp = 0x000000790ac7ec10    pc = 0x000000799a2eca7c
    Found by: previous frame's frame pointer
 5  libhwui.so + 0x2b0a2c
     fp = 0x000000790ac7ee20    lr = 0x000000799a2b0428
     sp = 0x000000790ac7ec80    pc = 0x000000799a2b0a30
    Found by: previous frame's frame pointer
 6  libhwui.so + 0x2b0424
     fp = 0x000000790ac7eea0    lr = 0x000000799a5a46b8
     sp = 0x000000790ac7ee30    pc = 0x000000799a2b0428
    Found by: previous frame's frame pointer
 7  libhwui.so + 0x5a46b4
     fp = 0x000000790ac7eee0    lr = 0x000000799a5431ac
     sp = 0x000000790ac7eeb0    pc = 0x000000799a5a46b8
    Found by: previous frame's frame pointer
 8  libhwui.so + 0x5431a8
     fp = 0x000000790ac7ef90    lr = 0x000000799a223858
     sp = 0x000000790ac7eef0    pc = 0x000000799a5431ac
    Found by: previous frame's frame pointer
 9  libhwui.so + 0x223854
     fp = 0x000000790ac7eff0    lr = 0x000000799a3282f0
     sp = 0x000000790ac7efa0    pc = 0x000000799a223858
    Found by: previous frame's frame pointer
10  libhwui.so + 0x3282ec
     fp = 0x000000790ac80700    lr = 0x000000799a339268
     sp = 0x000000790ac7f000    pc = 0x000000799a3282f0
    Found by: previous frame's frame pointer
11  libhwui.so + 0x339264
     fp = 0x000000790ac80760    lr = 0x000000799a338cd4
     sp = 0x000000790ac80710    pc = 0x000000799a339268
    Found by: previous frame's frame pointer
12  libhwui.so + 0x338cd0
     fp = 0x000000790ac807d0    lr = 0x000000799a338ac8
     sp = 0x000000790ac80770    pc = 0x000000799a338cd4
    Found by: previous frame's frame pointer
13  libhwui.so + 0x338ac4
     fp = 0x000000790ac80840    lr = 0x000000799a347280
     sp = 0x000000790ac807e0    pc = 0x000000799a338ac8
    Found by: previous frame's frame pointer
14  libhwui.so + 0x34727c
     fp = 0x000000790ac809a0    lr = 0x000000799a1b5c34
     sp = 0x000000790ac80850    pc = 0x000000799a347280
    Found by: previous frame's frame pointer
15  libhwui.so + 0x1b5c30
     fp = 0x000000790ac80a80    lr = 0x000000799a3448dc
     sp = 0x000000790ac809b0    pc = 0x000000799a1b5c34
    Found by: previous frame's frame pointer
16  libhwui.so + 0x3448d8
     fp = 0x000000790ac80b80    lr = 0x000000799a3e36a4
     sp = 0x000000790ac80a90    pc = 0x000000799a3448dc
    Found by: previous frame's frame pointer
17  libhwui.so + 0x3e36a0
     fp = 0x000000790ac80be0    lr = 0x000000799a3ec338
     sp = 0x000000790ac80b90    pc = 0x000000799a3e36a4
    Found by: previous frame's frame pointer
18  libhwui.so + 0x3ec334
     fp = 0x000000790ac80c50    lr = 0x000000799a34cde4
     sp = 0x000000790ac80bf0    pc = 0x000000799a3ec338
    Found by: previous frame's frame pointer
19  libhwui.so + 0x34cde0
     fp = 0x000000790ac80c80    lr = 0x000000799a34cb18
     sp = 0x000000790ac80c60    pc = 0x000000799a34cde4
    Found by: previous frame's frame pointer
20  libhwui.so + 0x34cb14
     fp = 0x000000790ac80cf0    lr = 0x000000799c0326d8
     sp = 0x000000790ac80c90    pc = 0x000000799a34cb18
    Found by: previous frame's frame pointer
21  libutils.so + 0x136d4
     fp = 0x000000790ac80d10    lr = 0x00000079987917c4
     sp = 0x000000790ac80d00    pc = 0x000000799c0326d8
    Found by: previous frame's frame pointer
22  libc.so + 0xcf7c0
     fp = 0x000000790ac80d40    lr = 0x00000079987341ac
     sp = 0x000000790ac80d20    pc = 0x00000079987917c4
    Found by: previous frame's frame pointer
23  libc.so + 0x721a8
     fp = 0x0000000000000000    lr = 0x0000000000000000
     sp = 0x000000790ac80d50    pc = 0x00000079987341ac
    Found by: previous frame's frame pointer

Thread 13
 0  libc.so + 0xbaf44
     x0 = 0x000000000000000a    x1 = 0x00000000c0306201
     x2 = 0x00000079065fbb18    x3 = 0x0000000000000000
     x4 = 0x0000000000000000    x5 = 0x0000000000000000
     x6 = 0x0000000000000000    x7 = 0x000000000248a59c
     x8 = 0x000000000000001d    x9 = 0x00000079065fbac8
    x10 = 0x00000079065fba90   x11 = 0x00000079065fbac8
    x12 = 0x00000079065fbb10   x13 = 0x0000000061ed46f3
    x14 = 0x0006cf3858a60c00   x15 = 0x0000000000000000
    x16 = 0x0000007998ff7468   x17 = 0x000000799873aa00
    x18 = 0x00000078a8268000   x19 = 0x00000079065fc020
    x20 = 0x000000790a93cc00   x21 = 0x000000790a93cd20
    x22 = 0x00000000fffffff7   x23 = 0x0000000000000100
    x24 = 0x00000079065fc020   x25 = 0x0000000000000000
    x26 = 0x00000079065fc020   x27 = 0x000000790b22d020
    x28 = 0x0000000000000001    fp = 0x00000079065fbb00
     lr = 0x000000799873aa88    sp = 0x00000079065fba10
     pc = 0x000000799877cf44
    Found by: given as instruction pointer in context
 1  libc.so + 0x78a84
     fp = 0x00000079065fbb90    lr = 0x0000007998fa7f88
     sp = 0x00000079065fbb10    pc = 0x000000799873aa88
    Found by: previous frame's frame pointer
 2  libbinder.so + 0x64f84
     fp = 0x00000079065fbbc0    lr = 0x0000007998fa815c
     sp = 0x00000079065fbba0    pc = 0x0000007998fa7f88
    Found by: previous frame's frame pointer
 3  libbinder.so + 0x65158
     fp = 0x00000079065fbbf0    lr = 0x0000007998fa8a7c
     sp = 0x00000079065fbbd0    pc = 0x0000007998fa815c
    Found by: previous frame's frame pointer
 4  libbinder.so + 0x65a78
     fp = 0x00000079065fbc10    lr = 0x0000007998fcebb4
     sp = 0x00000079065fbc00    pc = 0x0000007998fa8a7c
    Found by: previous frame's frame pointer
 5  libbinder.so + 0x8bbb0
     fp = 0x00000079065fbc80    lr = 0x000000799c0326d8
     sp = 0x00000079065fbc20    pc = 0x0000007998fcebb4
    Found by: previous frame's frame pointer
 6  libutils.so + 0x136d4
     fp = 0x00000079065fbcf0    lr = 0x000000799b937ff0
     sp = 0x00000079065fbc90    pc = 0x000000799c0326d8
    Found by: previous frame's frame pointer
 7  libandroid_runtime.so + 0x104fec
     fp = 0x00000079065fbd10    lr = 0x00000079987917c4
     sp = 0x00000079065fbd00    pc = 0x000000799b937ff0
    Found by: previous frame's frame pointer
 8  libc.so + 0xcf7c0
     fp = 0x00000079065fbd40    lr = 0x00000079987341ac
     sp = 0x00000079065fbd20    pc = 0x00000079987917c4
    Found by: previous frame's frame pointer
 9  libc.so + 0x721a8
     fp = 0x0000000000000000    lr = 0x0000000000000000
     sp = 0x00000079065fbd50    pc = 0x00000079987341ac
    Found by: previous frame's frame pointer

Thread 14
 0  libc.so + 0xbae08
     x0 = 0xfffffffffffffffc    x1 = 0x00000078a96c34a0
     x2 = 0x0000000000000010    x3 = 0x0000000000001359
     x4 = 0x0000000000000000    x5 = 0x0000000000000008
     x6 = 0x000000799e169000    x7 = 0x000000000248b388
     x8 = 0x0000000000000016    x9 = 0x7fffffffffffffff
    x10 = 0x0000000000000000   x11 = 0x0000000000000000
    x12 = 0x0000000000000016   x13 = 0x0000000061ed46fa
    x14 = 0x0008b78058607000   x15 = 0x00000fb840554b08
    x16 = 0x000000799c03ad70   x17 = 0x0000007998740660
    x18 = 0x00000078a931e000   x19 = 0x00000079062485a0
    x20 = 0x0000007906248648   x21 = 0x0000000000001359
    x22 = 0x0000000000001359   x23 = 0x00000079062485a0
    x24 = 0x0000000000000004   x25 = 0x00000078a96c4020
    x26 = 0x0000000019380908   x27 = 0x00000078ffc76ec0
    x28 = 0x000000006fc996a0    fp = 0x00000078a96c3600
     lr = 0x000000799c036b64    sp = 0x00000078a96c3460
     pc = 0x000000799877ce08
    Found by: given as instruction pointer in context
 1  libutils.so + 0x17b60
     fp = 0x00000078a96c3640    lr = 0x000000799c036a34
     sp = 0x00000078a96c3610    pc = 0x000000799c036b64
    Found by: previous frame's frame pointer
 2  libutils.so + 0x17a30
     fp = 0x00000078a96c3660    lr = 0x000000799b9b8cc8
     sp = 0x00000078a96c3650    pc = 0x000000799c036a34
    Found by: previous frame's frame pointer
 3  libandroid_runtime.so + 0x185cc4
     fp = 0x000000006fc57920    lr = 0x00000000715d6e70
     sp = 0x00000078a96c3670    pc = 0x000000799b9b8cc8
    Found by: previous frame's frame pointer
 4  boot-framework.art + 0x74c414
     sp = 0x00000078a96c3678    pc = 0x0000000070398418
    Found by: stack scanning
 5  boot-framework.art + 0x4d69c
     sp = 0x00000078a96c3720    pc = 0x000000006fc996a0
    Found by: stack scanning
 6  boot-framework.art + 0xb91c
     sp = 0x00000078a96c3728    pc = 0x000000006fc57920
    Found by: stack scanning
 7  boot-framework.oat + 0x8a0244
     sp = 0x00000078a96c3730    pc = 0x0000000071b7e248
    Found by: stack scanning
 8  boot-framework.art + 0x74c6bc
     sp = 0x00000078a96c3738    pc = 0x00000000703986c0
    Found by: stack scanning
 9  boot-framework.art + 0x3765cc
     sp = 0x00000078a96c3758    pc = 0x000000006ffc25d0
    Found by: stack scanning
10  boot.art + 0x8e1cc
     sp = 0x00000078a96c37c0    pc = 0x000000006f81d1d0
    Found by: stack scanning
11  boot.art + 0xf6a6c
     sp = 0x00000078a96c37d0    pc = 0x000000006f885a70
    Found by: stack scanning
12  boot-framework.art + 0x36d37c
     sp = 0x00000078a96c37d8    pc = 0x000000006ffb9380
    Found by: stack scanning
13  boot.art + 0xfa064
     sp = 0x00000078a96c37e0    pc = 0x000000006f889068
    Found by: stack scanning
14  boot-framework.art + 0x15fdc
     sp = 0x00000078a96c37e8    pc = 0x000000006fc61fe0
    Found by: stack scanning
15  boot-framework.oat + 0x89cdb8
     sp = 0x00000078a96c37f0    pc = 0x0000000071b7adbc
    Found by: stack scanning
16  boot-framework.art + 0x5e0dac
     sp = 0x00000078a96c37f8    pc = 0x000000007022cdb0
    Found by: stack scanning
17  boot-framework.art + 0x12dd0c
     sp = 0x00000078a96c38f0    pc = 0x000000006fd79d10
    Found by: stack scanning
18  boot-framework.art + 0x12dd0c
     sp = 0x00000078a96c38f8    pc = 0x000000006fd79d10
    Found by: stack scanning
19  boot-framework.oat + 0x89bad0
     sp = 0x00000078a96c3920    pc = 0x0000000071b79ad4
    Found by: stack scanning
20  boot-framework.art + 0x5387a4
     sp = 0x00000078a96c3928    pc = 0x00000000701847a8
    Found by: stack scanning
21  libart.so + 0x147334
     sp = 0x00000078a96c3980    pc = 0x0000007916f14338
    Found by: stack scanning
22  boot-framework.art + 0x5387a4
     sp = 0x00000078a96c39b0    pc = 0x00000000701847a8
    Found by: stack scanning
23  libart.so + 0x1561b4
     sp = 0x00000078a96c39c0    pc = 0x0000007916f231b8
    Found by: stack scanning
24  boot-framework.art + 0x5387a4
     sp = 0x00000078a96c3a18    pc = 0x00000000701847a8
    Found by: stack scanning
25  libart.so + 0x4d8820
     sp = 0x00000078a96c3a50    pc = 0x00000079172a5824
    Found by: stack scanning
26  libc.so + 0x66d48
     sp = 0x00000078a96c3ab0    pc = 0x0000007998728d4c
    Found by: stack scanning
27  libc.so + 0x58770
     sp = 0x00000078a96c3ad0    pc = 0x000000799871a774
    Found by: stack scanning
28  libc.so + 0x66cfd
     sp = 0x00000078a96c3af0    pc = 0x0000007998728d01
    Found by: stack scanning
29  libart.so + 0xbcedc
     sp = 0x00000078a96c3af8    pc = 0x0000007916e89ee0
    Found by: stack scanning
30  boot-framework.art + 0x5387a4
     sp = 0x00000078a96c3b40    pc = 0x00000000701847a8
    Found by: stack scanning
31  libart.so + 0x4d98b4
     sp = 0x00000078a96c3b70    pc = 0x00000079172a68b8
    Found by: stack scanning
32  libart.so + 0x9b440
     sp = 0x00000078a96c3ba0    pc = 0x0000007916e68444
    Found by: stack scanning
33  libart.so + 0x1981d0
     sp = 0x00000078a96c3bd0    pc = 0x0000007916f651d4
    Found by: stack scanning
34  libart.so + 0x9b440
     sp = 0x00000078a96c3c00    pc = 0x0000007916e68444
    Found by: stack scanning
35  boot.art + 0x20f6fc
     sp = 0x00000078a96c3c18    pc = 0x000000006f99e700
    Found by: stack scanning
36  libart.so + 0x51ca8c
     sp = 0x00000078a96c3c30    pc = 0x00000079172e9a90
    Found by: stack scanning
37  libc.so + 0xcf798
     sp = 0x00000078a96c3ce8    pc = 0x000000799879179c
    Found by: stack scanning
38  libc.so + 0xcf7c0
     sp = 0x00000078a96c3d00    pc = 0x00000079987917c4
    Found by: stack scanning
39  libc.so + 0x721a8
     sp = 0x00000078a96c3d20    pc = 0x00000079987341ac
    Found by: stack scanning
40  boot.art + 0x2fc
     sp = 0x00000078a96c3d98    pc = 0x000000006f78f300
    Found by: stack scanning
41  libart.so + 0x51c5b8
     sp = 0x00000078a96c3db8    pc = 0x00000079172e95bc
    Found by: stack scanning

Thread 15
 0  libc.so + 0xbbb64
     x0 = 0x00000078a53a8c38    x1 = 0x0000000000000000
     x2 = 0x00000000fffffffe    x3 = 0x0000000000000000
     x4 = 0x0000000000000000    x5 = 0x00000000ffffffff
     x6 = 0x00000000ffffffff    x7 = 0x0000000000000000
     x8 = 0x0000000000000065    x9 = 0x0000000005f5e100
    x10 = 0x00000000000003e8   x11 = 0x5795a36ad418b614
    x12 = 0x0000000000000000   x13 = 0x00000000000000a0
    x14 = 0x0000000000000000   x15 = 0x0000000000000000
    x16 = 0x000000799879e4f0   x17 = 0x000000799877db60
    x18 = 0x000000789fc78000   x19 = 0x00000078a53a9020
    x20 = 0x00000078a500da88   x21 = 0x00000078a508dc80
    x22 = 0x00000078a500d800   x23 = 0x00000078a500da70
    x24 = 0x0000000001000000   x25 = 0x00000078a508dcb8
    x26 = 0x00000078a508dca8   x27 = 0x00000078a508dcb9
    x28 = 0x00000078a508dc90    fp = 0x00000078a53a8c60
     lr = 0x0000007998758ce4    sp = 0x00000078a53a8c30
     pc = 0x000000799877db64
    Found by: given as instruction pointer in context
 1  libc.so + 0x96ce0
     fp = 0x00000078a508dc98    lr = 0x00000078fb3cfd5c
     sp = 0x00000078a53a8c70    pc = 0x0000007998758ce4
    Found by: previous frame's frame pointer
 2  libc.so + 0xcf798
     sp = 0x00000078a53a8ce8    pc = 0x000000799879179c
    Found by: stack scanning
 3  libc.so + 0xcf7c0
     sp = 0x00000078a53a8d00    pc = 0x00000079987917c4
    Found by: stack scanning
 4  libc.so + 0x721a8
     sp = 0x00000078a53a8d20    pc = 0x00000079987341ac
    Found by: stack scanning
 5  NotoSansCJK-Regular.ttc + 0x73ffc
     sp = 0x00000078a53a8d70    pc = 0x0000007900000000
    Found by: stack scanning
 6  libGLES_mali.so + 0x23e91b4
     sp = 0x00000078a53a8d98    pc = 0x00000078fb3d01b8
    Found by: stack scanning
 7  libGLES_mali.so + 0x23e8c78
     sp = 0x00000078a53a8db8    pc = 0x00000078fb3cfc7c
    Found by: stack scanning

Thread 16
 0  libc.so + 0x6cbbc
     x0 = 0x000000790a98803c    x1 = 0x0000000000000089
     x2 = 0x00000000fffffffe    x3 = 0x0000000000000000
     x4 = 0x0000000000000000    x5 = 0x00000000ffffffff
     x6 = 0x00000000ffffffff    x7 = 0xffffff7f7f7f7f7f
     x8 = 0x0000000000000062    x9 = 0x0000000000000089
    x10 = 0x0000000000000009   x11 = 0x00000000fffffffe
    x12 = 0x0000000000000000   x13 = 0x000000790ac80500
    x14 = 0x000000790ac80528   x15 = 0x0000000001380000
    x16 = 0x000000799879db38   x17 = 0x000000799872eba0
    x18 = 0x00000078a2dd6000   x19 = 0x00000000fffffffe
    x20 = 0x0000000000000000   x21 = 0x000000790a98803c
    x22 = 0x0000000000000089   x23 = 0x00000078a4ffc008
    x24 = 0x00000078a4ffc020   x25 = 0x0000000000000000
    x26 = 0x00000078a4ffc020   x27 = 0x000000790ac81020
    x28 = 0x00000078a508edb4    fp = 0x00000078a4ffbc50
     lr = 0x0000007998732e48    sp = 0x00000078a4ffbbf0
     pc = 0x000000799872ebbc
    Found by: given as instruction pointer in context
 1  libc.so + 0x70e44
     fp = 0x00000078a4ffbc80    lr = 0x000000799873df30
     sp = 0x00000078a4ffbc60    pc = 0x0000007998732e48
    Found by: previous frame's frame pointer
 2  libc.so + 0x7bf2c
     fp = 0x00000078a4ffbd10    lr = 0x00000078fb141204
     sp = 0x00000078a4ffbc90    pc = 0x000000799873df30
    Found by: previous frame's frame pointer
 3  libGLES_mali.so + 0x215a200
     fp = 0x00000078a4ffbd40    lr = 0x00000079987341ac
     sp = 0x00000078a4ffbd20    pc = 0x00000078fb141204
    Found by: previous frame's frame pointer
 4  libc.so + 0x721a8
     fp = 0x0000000000000000    lr = 0x0000000000000000
     sp = 0x00000078a4ffbd50    pc = 0x00000079987341ac
    Found by: previous frame's frame pointer

Thread 17
 0  libc.so + 0x6cbbc
     x0 = 0x000000790a9880d4    x1 = 0x0000000000000089
     x2 = 0x00000000fffffffe    x3 = 0x0000000000000000
     x4 = 0x0000000000000000    x5 = 0x00000000ffffffff
     x6 = 0x00000000ffffffff    x7 = 0xffffff7f7f7f7f7f
     x8 = 0x0000000000000062    x9 = 0x0000000000000089
    x10 = 0x0000000000000009   x11 = 0x00000000fffffffe
    x12 = 0x0000000000000000   x13 = 0x000000790ac80500
    x14 = 0x000000790ac80528   x15 = 0x0000000001380000
    x16 = 0x000000799879db38   x17 = 0x000000799872eba0
    x18 = 0x000000789a824000   x19 = 0x00000000fffffffe
    x20 = 0x0000000000000000   x21 = 0x000000790a9880d4
    x22 = 0x0000000000000089   x23 = 0x00000078a4eff008
    x24 = 0x00000078a4eff020   x25 = 0x0000000000000000
    x26 = 0x00000078a4eff020   x27 = 0x000000790ac81020
    x28 = 0x00000078a508edb4    fp = 0x00000078a4efec50
     lr = 0x0000007998732e48    sp = 0x00000078a4efebf0
     pc = 0x000000799872ebbc
    Found by: given as instruction pointer in context
 1  libc.so + 0x70e44
     fp = 0x00000078a4efec80    lr = 0x000000799873df30
     sp = 0x00000078a4efec60    pc = 0x0000007998732e48
    Found by: previous frame's frame pointer
 2  libc.so + 0x7bf2c
     fp = 0x00000078a4efed10    lr = 0x00000078fb141204
     sp = 0x00000078a4efec90    pc = 0x000000799873df30
    Found by: previous frame's frame pointer
 3  libGLES_mali.so + 0x215a200
     fp = 0x00000078a4efed40    lr = 0x00000079987341ac
     sp = 0x00000078a4efed20    pc = 0x00000078fb141204
    Found by: previous frame's frame pointer
 4  libc.so + 0x721a8
     fp = 0x0000000000000000    lr = 0x0000000000000000
     sp = 0x00000078a4efed50    pc = 0x00000079987341ac
    Found by: previous frame's frame pointer

Thread 18
 0  libc.so + 0x6cbbc
     x0 = 0x000000790a98816c    x1 = 0x0000000000000089
     x2 = 0x00000000fffffffe    x3 = 0x0000000000000000
     x4 = 0x0000000000000000    x5 = 0x00000000ffffffff
     x6 = 0x00000000ffffffff    x7 = 0xffffff7f7f7f7f7f
     x8 = 0x0000000000000062    x9 = 0x0000000000000089
    x10 = 0x0000000000000009   x11 = 0x00000000fffffffe
    x12 = 0x0000000000000000   x13 = 0x000000790ac80500
    x14 = 0x000000790ac80528   x15 = 0x0000000001380000
    x16 = 0x000000799879db38   x17 = 0x000000799872eba0
    x18 = 0x000000789bcd2000   x19 = 0x00000000fffffffe
    x20 = 0x0000000000000000   x21 = 0x000000790a98816c
    x22 = 0x0000000000000089   x23 = 0x00000078a4e02008
    x24 = 0x00000078a4e02020   x25 = 0x0000000000000000
    x26 = 0x00000078a4e02020   x27 = 0x000000790ac81020
    x28 = 0x00000078a508edb4    fp = 0x00000078a4e01c50
     lr = 0x0000007998732e48    sp = 0x00000078a4e01bf0
     pc = 0x000000799872ebbc
    Found by: given as instruction pointer in context
 1  libc.so + 0x70e44
     fp = 0x00000078a4e01c80    lr = 0x000000799873df30
     sp = 0x00000078a4e01c60    pc = 0x0000007998732e48
    Found by: previous frame's frame pointer
 2  libc.so + 0x7bf2c
     fp = 0x00000078a4e01d10    lr = 0x00000078fb141204
     sp = 0x00000078a4e01c90    pc = 0x000000799873df30
    Found by: previous frame's frame pointer
 3  libGLES_mali.so + 0x215a200
     fp = 0x00000078a4e01d40    lr = 0x00000079987341ac
     sp = 0x00000078a4e01d20    pc = 0x00000078fb141204
    Found by: previous frame's frame pointer
 4  libc.so + 0x721a8
     fp = 0x0000000000000000    lr = 0x0000000000000000
     sp = 0x00000078a4e01d50    pc = 0x00000079987341ac
    Found by: previous frame's frame pointer

Thread 19
 0  libc.so + 0x6cbbc
     x0 = 0x000000790a988204    x1 = 0x0000000000000089
     x2 = 0x00000000fffffffe    x3 = 0x0000000000000000
     x4 = 0x0000000000000000    x5 = 0x00000000ffffffff
     x6 = 0x00000000ffffffff    x7 = 0xffffff7f7f7f7f7f
     x8 = 0x0000000000000062    x9 = 0x0000000000000089
    x10 = 0x0000000000000009   x11 = 0x00000000fffffffe
    x12 = 0x0000000000000000   x13 = 0x000000790ac80500
    x14 = 0x000000790ac80528   x15 = 0x0000000001380000
    x16 = 0x000000799879db38   x17 = 0x000000799872eba0
    x18 = 0x00000078a3afe000   x19 = 0x00000000fffffffe
    x20 = 0x0000000000000000   x21 = 0x000000790a988204
    x22 = 0x0000000000000089   x23 = 0x00000078a4d05008
    x24 = 0x00000078a4d05020   x25 = 0x0000000000000000
    x26 = 0x00000078a4d05020   x27 = 0x000000790ac81020
    x28 = 0x00000078a508edb4    fp = 0x00000078a4d04c50
     lr = 0x0000007998732e48    sp = 0x00000078a4d04bf0
     pc = 0x000000799872ebbc
    Found by: given as instruction pointer in context
 1  libc.so + 0x70e44
     fp = 0x00000078a4d04c80    lr = 0x000000799873df30
     sp = 0x00000078a4d04c60    pc = 0x0000007998732e48
    Found by: previous frame's frame pointer
 2  libc.so + 0x7bf2c
     fp = 0x00000078a4d04d10    lr = 0x00000078fb141204
     sp = 0x00000078a4d04c90    pc = 0x000000799873df30
    Found by: previous frame's frame pointer
 3  libGLES_mali.so + 0x215a200
     fp = 0x00000078a4d04d40    lr = 0x00000079987341ac
     sp = 0x00000078a4d04d20    pc = 0x00000078fb141204
    Found by: previous frame's frame pointer
 4  libc.so + 0x721a8
     fp = 0x0000000000000000    lr = 0x0000000000000000
     sp = 0x00000078a4d04d50    pc = 0x00000079987341ac
    Found by: previous frame's frame pointer

Thread 20
 0  libc.so + 0x6cbbc
     x0 = 0x000000790a98829c    x1 = 0x0000000000000089
     x2 = 0x00000000fffffffe    x3 = 0x0000000000000000
     x4 = 0x0000000000000000    x5 = 0x00000000ffffffff
     x6 = 0x00000000ffffffff    x7 = 0xffffff7f7f7f7f7f
     x8 = 0x0000000000000062    x9 = 0x0000000000000089
    x10 = 0x0000000000000009   x11 = 0x00000000fffffffe
    x12 = 0x0000000000000000   x13 = 0x000000790ac80500
    x14 = 0x000000790ac80528   x15 = 0x0000000001380000
    x16 = 0x000000799879db38   x17 = 0x000000799872eba0
    x18 = 0x00000078a17ac000   x19 = 0x00000000fffffffe
    x20 = 0x0000000000000000   x21 = 0x000000790a98829c
    x22 = 0x0000000000000089   x23 = 0x00000078a4c08008
    x24 = 0x00000078a4c08020   x25 = 0x0000000000000000
    x26 = 0x00000078a4c08020   x27 = 0x000000790ac81020
    x28 = 0x00000078a508edb4    fp = 0x00000078a4c07c50
     lr = 0x0000007998732e48    sp = 0x00000078a4c07bf0
     pc = 0x000000799872ebbc
    Found by: given as instruction pointer in context
 1  libc.so + 0x70e44
     fp = 0x00000078a4c07c80    lr = 0x000000799873df30
     sp = 0x00000078a4c07c60    pc = 0x0000007998732e48
    Found by: previous frame's frame pointer
 2  libc.so + 0x7bf2c
     fp = 0x00000078a4c07d10    lr = 0x00000078fb141204
     sp = 0x00000078a4c07c90    pc = 0x000000799873df30
    Found by: previous frame's frame pointer
 3  libGLES_mali.so + 0x215a200
     fp = 0x00000078a4c07d40    lr = 0x00000079987341ac
     sp = 0x00000078a4c07d20    pc = 0x00000078fb141204
    Found by: previous frame's frame pointer
 4  libc.so + 0x721a8
     fp = 0x0000000000000000    lr = 0x0000000000000000
     sp = 0x00000078a4c07d50    pc = 0x00000079987341ac
    Found by: previous frame's frame pointer

Thread 21
 0  libc.so + 0x6cbbc
     x0 = 0x000000790a988334    x1 = 0x0000000000000089
     x2 = 0x00000000fffffffe    x3 = 0x0000000000000000
     x4 = 0x0000000000000000    x5 = 0x00000000ffffffff
     x6 = 0x00000000ffffffff    x7 = 0xffffff7f7f7f7f7f
     x8 = 0x0000000000000062    x9 = 0x0000000000000089
    x10 = 0x0000000000000009   x11 = 0x00000000fffffffe
    x12 = 0x0000000000000000   x13 = 0x000000790ac80500
    x14 = 0x000000790ac80528   x15 = 0x0000000001380000
    x16 = 0x000000799879db38   x17 = 0x000000799872eba0
    x18 = 0x000000789e35e000   x19 = 0x00000000fffffffe
    x20 = 0x0000000000000000   x21 = 0x000000790a988334
    x22 = 0x0000000000000089   x23 = 0x00000078a4b0b008
    x24 = 0x00000078a4b0b020   x25 = 0x0000000000000000
    x26 = 0x00000078a4b0b020   x27 = 0x000000790ac81020
    x28 = 0x00000078a508edb4    fp = 0x00000078a4b0ac50
     lr = 0x0000007998732e48    sp = 0x00000078a4b0abf0
     pc = 0x000000799872ebbc
    Found by: given as instruction pointer in context
 1  libc.so + 0x70e44
     fp = 0x00000078a4b0ac80    lr = 0x000000799873df30
     sp = 0x00000078a4b0ac60    pc = 0x0000007998732e48
    Found by: previous frame's frame pointer
 2  libc.so + 0x7bf2c
     fp = 0x00000078a4b0ad10    lr = 0x00000078fb141204
     sp = 0x00000078a4b0ac90    pc = 0x000000799873df30
    Found by: previous frame's frame pointer
 3  libGLES_mali.so + 0x215a200
     fp = 0x00000078a4b0ad40    lr = 0x00000079987341ac
     sp = 0x00000078a4b0ad20    pc = 0x00000078fb141204
    Found by: previous frame's frame pointer
 4  libc.so + 0x721a8
     fp = 0x0000000000000000    lr = 0x0000000000000000
     sp = 0x00000078a4b0ad50    pc = 0x00000079987341ac
    Found by: previous frame's frame pointer

Thread 22
 0  libc.so + 0x6cbbc
     x0 = 0x000000790a9883cc    x1 = 0x0000000000000089
     x2 = 0x00000000fffffffe    x3 = 0x0000000000000000
     x4 = 0x0000000000000000    x5 = 0x00000000ffffffff
     x6 = 0x00000000ffffffff    x7 = 0xffffff7f7f7f7f7f
     x8 = 0x0000000000000062    x9 = 0x0000000000000089
    x10 = 0x0000000000000009   x11 = 0x00000000fffffffe
    x12 = 0x0000000000000000   x13 = 0x000000790ac80500
    x14 = 0x000000790ac80528   x15 = 0x0000000001380000
    x16 = 0x000000799879db38   x17 = 0x000000799872eba0
    x18 = 0x000000789cfc0000   x19 = 0x00000000fffffffe
    x20 = 0x0000000000000000   x21 = 0x000000790a9883cc
    x22 = 0x0000000000000089   x23 = 0x00000078a4a0e008
    x24 = 0x00000078a4a0e020   x25 = 0x0000000000000000
    x26 = 0x00000078a4a0e020   x27 = 0x000000790ac81020
    x28 = 0x00000078a508edb4    fp = 0x00000078a4a0dc50
     lr = 0x0000007998732e48    sp = 0x00000078a4a0dbf0
     pc = 0x000000799872ebbc
    Found by: given as instruction pointer in context
 1  libc.so + 0x70e44
     fp = 0x00000078a4a0dc80    lr = 0x000000799873df30
     sp = 0x00000078a4a0dc60    pc = 0x0000007998732e48
    Found by: previous frame's frame pointer
 2  libc.so + 0x7bf2c
     fp = 0x00000078a4a0dd10    lr = 0x00000078fb141204
     sp = 0x00000078a4a0dc90    pc = 0x000000799873df30
    Found by: previous frame's frame pointer
 3  libGLES_mali.so + 0x215a200
     fp = 0x00000078a4a0dd40    lr = 0x00000079987341ac
     sp = 0x00000078a4a0dd20    pc = 0x00000078fb141204
    Found by: previous frame's frame pointer
 4  libc.so + 0x721a8
     fp = 0x0000000000000000    lr = 0x0000000000000000
     sp = 0x00000078a4a0dd50    pc = 0x00000079987341ac
    Found by: previous frame's frame pointer

Thread 23
 0  libc.so + 0x6cbbc
     x0 = 0x000000790a988464    x1 = 0x0000000000000089
     x2 = 0x00000000fffffffe    x3 = 0x0000000000000000
     x4 = 0x0000000000000000    x5 = 0x00000000ffffffff
     x6 = 0x00000000ffffffff    x7 = 0xffffff7f7f7f7f7f
     x8 = 0x0000000000000062    x9 = 0x0000000000000089
    x10 = 0x0000000000000009   x11 = 0x00000000fffffffe
    x12 = 0x0000000000000000   x13 = 0x000000790ac80500
    x14 = 0x000000790ac80528   x15 = 0x0000000001380000
    x16 = 0x000000799879db38   x17 = 0x000000799872eba0
    x18 = 0x00000078a07bc000   x19 = 0x00000000fffffffe
    x20 = 0x0000000000000000   x21 = 0x000000790a988464
    x22 = 0x0000000000000089   x23 = 0x00000078a4911008
    x24 = 0x00000078a4911020   x25 = 0x0000000000000000
    x26 = 0x00000078a4911020   x27 = 0x000000790ac81020
    x28 = 0x00000078a508edb4    fp = 0x00000078a4910c50
     lr = 0x0000007998732e48    sp = 0x00000078a4910bf0
     pc = 0x000000799872ebbc
    Found by: given as instruction pointer in context
 1  libc.so + 0x70e44
     fp = 0x00000078a4910c80    lr = 0x000000799873df30
     sp = 0x00000078a4910c60    pc = 0x0000007998732e48
    Found by: previous frame's frame pointer
 2  libc.so + 0x7bf2c
     fp = 0x00000078a4910d10    lr = 0x00000078fb141204
     sp = 0x00000078a4910c90    pc = 0x000000799873df30
    Found by: previous frame's frame pointer
 3  libGLES_mali.so + 0x215a200
     fp = 0x00000078a4910d40    lr = 0x00000079987341ac
     sp = 0x00000078a4910d20    pc = 0x00000078fb141204
    Found by: previous frame's frame pointer
 4  libc.so + 0x721a8
     fp = 0x0000000000000000    lr = 0x0000000000000000
     sp = 0x00000078a4910d50    pc = 0x00000079987341ac
    Found by: previous frame's frame pointer

Thread 24
 0  libc.so + 0xbaf84
     x0 = 0x00000078a4813b88    x1 = 0x0000000000000004
     x2 = 0x0000000000000000    x3 = 0x0000000000000000
     x4 = 0x0000000000000000    x5 = 0x0000000000000000
     x6 = 0x0000000000000000    x7 = 0x0000000000000000
     x8 = 0x0000000000000049    x9 = 0x0000000000000004
    x10 = 0x0000000000000001   x11 = 0x0000000000000000
    x12 = 0x00000000000002d4   x13 = 0x00000000000002d4
    x14 = 0x00000000000002d4   x15 = 0x00000000000002d6
    x16 = 0x000000799879e498   x17 = 0x000000799873ca04
    x18 = 0x000000789e864000   x19 = 0x0000000000000004
    x20 = 0x00000078a4813b88   x21 = 0x0000000000000000
    x22 = 0x00000078a4814020   x23 = 0x0000000000000000
    x24 = 0x00000078a4813c80   x25 = 0x0000000000000000
    x26 = 0x00000078a508eb08   x27 = 0x00000078fb607000
    x28 = 0x00000078a508eaf8    fp = 0x00000078a4813ae0
     lr = 0x000000799873ca60    sp = 0x00000078a4813aa0
     pc = 0x000000799877cf84
    Found by: given as instruction pointer in context
 1  libc.so + 0x7aa5c
     fp = 0x0000000000000000    lr = 0x00000078fb3ae59c
     sp = 0x00000078a4813af0    pc = 0x000000799873ca60
    Found by: previous frame's frame pointer
 2  libGLES_mali.so + 0x23c7598
     fp = 0x0000000000000000    lr = 0x0000000000000000
     sp = 0x00000078a4813af0    pc = 0x00000078fb3ae59c
    Found by: previous frame's frame pointer

Loaded modules:
0x6f78f000 - 0x6fa43fff  boot.art  ???  (WARNING: No symbols, boot.art, 000000000000000000000000000000000)
0x6fa44000 - 0x6fb63fff  boot-core-libart.art  ???
0x6fb64000 - 0x6fba9fff  boot-okhttp.art  ???
0x6fbaa000 - 0x6fc26fff  boot-bouncycastle.art  ???
0x6fc27000 - 0x6fc4bfff  boot-apache-xml.art  ???
0x6fc4c000 - 0x70611fff  boot-framework.art  ???  (WARNING: No symbols, boot-framework.art, 000000000000000000000000000000000)
0x70612000 - 0x70646fff  boot-ext.art  ???
0x70647000 - 0x70781fff  boot-telephony-common.art  ???
0x70782000 - 0x7078ffff  boot-voip-common.art  ???
0x70790000 - 0x707a4fff  boot-ims-common.art  ???
0x707a5000 - 0x707a9fff  boot-android.test.base.art  ???
0x707aa000 - 0x70832fff  boot-featurelayer-widget.art  ???
0x70833000 - 0x708d2fff  boot-hwEmui.art  ???
0x708d3000 - 0x708f1fff  boot-hwPartBasicplatform.art  ???
0x708f2000 - 0x70901fff  boot-telephony-separated.art  ???
0x70902000 - 0x70926fff  boot-hwTelephony-common.art  ???
0x70927000 - 0x70946fff  boot-hwPartTelephony.art  ???
0x70947000 - 0x7095dfff  boot-hwPartTelephonyVSim.art  ???
0x7095e000 - 0x70961fff  boot-hwPartTelephonyCust.art  ???
0x70962000 - 0x70977fff  boot-hwPartTelephonyFullnetworkOpt.art  ???
0x70978000 - 0x70980fff  boot-hwPartTelephonyTimezoneOpt.art  ???
0x70981000 - 0x709b0fff  boot-hwPartTelephonyOpt.art  ???
0x709b1000 - 0x709e4fff  boot-hwPartSecurity.art  ???
0x709e5000 - 0x709eafff  boot-hwPartSecurityFaceId.art  ???
0x709eb000 - 0x709ecfff  boot-hwIms-common.art  ???
0x709ed000 - 0x709fffff  boot-hwPartMedia.art  ???
0x70a00000 - 0x70a0bfff  boot-hwPartConnectivity.art  ???
0x70a0c000 - 0x70a0ffff  boot-hwPartPowerOffice.art  ???
0x70a10000 - 0x70a1dfff  boot-hwPartDeviceVirtualization.art  ???
0x70a1e000 - 0x70a26fff  boot-hwPartAirSharing.art  ???
0x70a27000 - 0x70a2bfff  boot-hwPartDefaultDFR.art  ???
0x70a2c000 - 0x70a3bfff  boot-hwPartDFR.art  ???
0x70a3c000 - 0x70a3dfff  boot-hwPartMagicWindow.art  ???
0x70a3e000 - 0x70a59fff  boot-hwPartIaware.art  ???
0x70a5a000 - 0x70a71fff  boot-hwPartMdm.art  ???
0x70a72000 - 0x70a74fff  boot-hwPartVr.art  ???
0x70a75000 - 0x70b10fff  boot-hwframework.art  ???
0x70b11000 - 0x70b26fff  boot-com.huawei.nfc.art  ???
0x70b27000 - 0x70b2dfff  boot-org.ifaa.android.manager.art  ???
0x70b2e000 - 0x70b3bfff  boot-hwperf.art  ???
0x70b3c000 - 0x70b48fff  boot-hwcustEmui.art  ???
0x70b49000 - 0x70b4dfff  boot-hwcustframework.art  ???
0x70b4e000 - 0x70b5afff  boot-servicehost.art  ???
0x70b5b000 - 0x70b5dfff  boot-hwcustIms-common.art  ???
0x70b5e000 - 0x70b70fff  boot-hwcustTelephony-common.art  ???
0x70b71000 - 0x70b7ffff  boot-hwIAwareAL.art  ???
0x70b80000 - 0x70b9cfff  boot-zframework.z.art  ???
0x70b9d000 - 0x70ffafff  boot.oat  ???  (WARNING: No symbols, boot.oat, 9F6F61C69A6729D72BEDA02DE1246DF60)
0x70ffc000 - 0x70ffdfff  boot.vdex  ???
0x71000000 - 0x711d9fff  boot-core-libart.oat  ???  (WARNING: No symbols, boot-core-libart.oat, 1EFBA9BF7AC715E398A40F6366394D300)
0x711db000 - 0x711dbfff  boot-core-libart.vdex  ???
0x711de000 - 0x7123cfff  boot-okhttp.oat  ???
0x7123e000 - 0x7123efff  boot-okhttp.vdex  ???
0x71241000 - 0x712b9fff  boot-bouncycastle.oat  ???
0x712bb000 - 0x712bbfff  boot-bouncycastle.vdex  ???
0x712be000 - 0x712d9fff  boot-apache-xml.oat  ???
0x712db000 - 0x712dbfff  boot-apache-xml.vdex  ???
0x712de000 - 0x72013fff  boot-framework.oat  ???  (WARNING: No symbols, boot-framework.oat, 6AAC9906CC2A39138CD59475A04F52760)
0x72017000 - 0x72020fff  boot-framework.vdex  ???
0x72023000 - 0x72047fff  boot-ext.oat  ???
0x72049000 - 0x72049fff  boot-ext.vdex  ???
0x7204c000 - 0x72248fff  boot-telephony-common.oat  ???
0x7224a000 - 0x7224afff  boot-telephony-common.vdex  ???
0x7224d000 - 0x7224ffff  boot-voip-common.oat  ???
0x72251000 - 0x72251fff  boot-voip-common.vdex  ???
0x72254000 - 0x72264fff  boot-ims-common.oat  ???
0x72266000 - 0x72266fff  boot-ims-common.vdex  ???
0x72269000 - 0x7226bfff  boot-android.test.base.oat  ???
0x7226c000 - 0x7226cfff  boot-android.test.base.vdex  ???
0x7226f000 - 0x722c2fff  boot-featurelayer-widget.oat  ???
0x722c4000 - 0x722c4fff  boot-featurelayer-widget.vdex  ???
0x722c7000 - 0x7236cfff  boot-hwEmui.oat  ???
0x7236e000 - 0x7236ffff  boot-hwEmui.vdex  ???
0x72372000 - 0x72392fff  boot-hwPartBasicplatform.oat  ???
0x72394000 - 0x72394fff  boot-hwPartBasicplatform.vdex  ???
0x72397000 - 0x72399fff  boot-telephony-separated.oat  ???
0x7239b000 - 0x7239bfff  boot-telephony-separated.vdex  ???
0x7239e000 - 0x723a8fff  boot-hwTelephony-common.oat  ???
0x723aa000 - 0x723aafff  boot-hwTelephony-common.vdex  ???
0x723ad000 - 0x723bbfff  boot-hwPartTelephony.oat  ???
0x723bd000 - 0x723bdfff  boot-hwPartTelephony.vdex  ???
0x723c0000 - 0x723c6fff  boot-hwPartTelephonyVSim.oat  ???
0x723c8000 - 0x723c8fff  boot-hwPartTelephonyVSim.vdex  ???
0x723cb000 - 0x723cdfff  boot-hwPartTelephonyCust.oat  ???
0x723cf000 - 0x723cffff  boot-hwPartTelephonyCust.vdex  ???
0x723d2000 - 0x723d9fff  boot-hwPartTelephonyFullnetworkOpt.oat  ???
0x723db000 - 0x723dbfff  boot-hwPartTelephonyFullnetworkOpt.vdex  ???
0x723de000 - 0x723e0fff  boot-hwPartTelephonyTimezoneOpt.oat  ???
0x723e1000 - 0x723e1fff  boot-hwPartTelephonyTimezoneOpt.vdex  ???
0x723e4000 - 0x723f4fff  boot-hwPartTelephonyOpt.oat  ???
0x723f6000 - 0x723f6fff  boot-hwPartTelephonyOpt.vdex  ???
0x723f9000 - 0x7241bfff  boot-hwPartSecurity.oat  ???
0x7241d000 - 0x7241dfff  boot-hwPartSecurity.vdex  ???
0x72420000 - 0x72422fff  boot-hwPartSecurityFaceId.oat  ???
0x72423000 - 0x72423fff  boot-hwPartSecurityFaceId.vdex  ???
0x72426000 - 0x72427fff  boot-hwIms-common.oat  ???
0x72428000 - 0x72428fff  boot-hwIms-common.vdex  ???
0x7242b000 - 0x72434fff  boot-hwPartMedia.oat  ???
0x72436000 - 0x72436fff  boot-hwPartMedia.vdex  ???
0x72439000 - 0x7243cfff  boot-hwPartConnectivity.oat  ???
0x7243e000 - 0x7243efff  boot-hwPartConnectivity.vdex  ???
0x72441000 - 0x72443fff  boot-hwPartPowerOffice.oat  ???
0x72445000 - 0x72445fff  boot-hwPartPowerOffice.vdex  ???
0x72448000 - 0x7244afff  boot-hwPartDeviceVirtualization.oat  ???
0x7244b000 - 0x7244bfff  boot-hwPartDeviceVirtualization.vdex  ???
0x7244e000 - 0x7244ffff  boot-hwPartAirSharing.oat  ???
0x72450000 - 0x72450fff  boot-hwPartAirSharing.vdex  ???
0x72453000 - 0x72455fff  boot-hwPartDefaultDFR.oat  ???
0x72457000 - 0x72457fff  boot-hwPartDefaultDFR.vdex  ???
0x7245a000 - 0x72466fff  boot-hwPartDFR.oat  ???
0x72468000 - 0x72468fff  boot-hwPartDFR.vdex  ???
0x7246b000 - 0x7246cfff  boot-hwPartMagicWindow.oat  ???
0x7246d000 - 0x7246dfff  boot-hwPartMagicWindow.vdex  ???
0x72470000 - 0x72487fff  boot-hwPartIaware.oat  ???
0x72489000 - 0x72489fff  boot-hwPartIaware.vdex  ???
0x7248c000 - 0x72490fff  boot-hwPartMdm.oat  ???
0x72492000 - 0x72492fff  boot-hwPartMdm.vdex  ???
0x72495000 - 0x72496fff  boot-hwPartVr.oat  ???
0x72497000 - 0x72497fff  boot-hwPartVr.vdex  ???
0x7249a000 - 0x72549fff  boot-hwframework.oat  ???
0x7254b000 - 0x7254cfff  boot-hwframework.vdex  ???
0x7254f000 - 0x7255cfff  boot-com.huawei.nfc.oat  ???
0x7255e000 - 0x7255efff  boot-com.huawei.nfc.vdex  ???
0x72561000 - 0x72564fff  boot-org.ifaa.android.manager.oat  ???
0x72566000 - 0x72566fff  boot-org.ifaa.android.manager.vdex  ???
0x72569000 - 0x72576fff  boot-hwperf.oat  ???
0x72577000 - 0x72577fff  boot-hwperf.vdex  ???
0x7257a000 - 0x72581fff  boot-hwcustEmui.oat  ???
0x72583000 - 0x72583fff  boot-hwcustEmui.vdex  ???
0x72586000 - 0x72588fff  boot-hwcustframework.oat  ???
0x72589000 - 0x72589fff  boot-hwcustframework.vdex  ???
0x7258c000 - 0x7258ffff  boot-servicehost.oat  ???
0x72591000 - 0x72591fff  boot-servicehost.vdex  ???
0x72594000 - 0x72596fff  boot-hwcustIms-common.oat  ???
0x72597000 - 0x72597fff  boot-hwcustIms-common.vdex  ???
0x7259a000 - 0x7259dfff  boot-hwcustTelephony-common.oat  ???
0x7259f000 - 0x7259ffff  boot-hwcustTelephony-common.vdex  ???
0x725a2000 - 0x725a8fff  boot-hwIAwareAL.oat  ???
0x725aa000 - 0x725aafff  boot-hwIAwareAL.vdex  ???
0x725ad000 - 0x7260cfff  boot-zframework.z.oat  ???
0x7260d000 - 0x734effff  boot-zframework.z.vdex  ???
0x9b4f2000 - 0x9f4f1fff  jit-cache (deleted)  ???  (WARNING: No symbols, , )
0x58d8ed1000 - 0x58d8ed7fff  app_process64  ???  (main)
0x78945e2000 - 0x7894ffffff  dmabuf (deleted)  ???  (WARNING: No symbols, , )
0x7895be2000 - 0x78965fffff  dmabuf (deleted)  ???  (WARNING: No symbols, , )
0x789b61d000 - 0x789b71afff  hwbinder  ???  (WARNING: No symbols, , )
0x78a55e2000 - 0x78a5ffffff  dmabuf (deleted)  ???  (WARNING: No symbols, , )
0x78a644a000 - 0x78a646afff  gralloc.denver.so  ???
0x78ab6c8000 - 0x78ab6dafff  base.odex (deleted)  ???  (WARNING: No symbols, , )
0x78ab6db000 - 0x78abcf6fff  base.vdex (deleted)  ???  (WARNING: No symbols, , )
0x78f8d39000 - 0x78f8d3afff  libwebviewchromium_loader.so  ???
0x78f8d6a000 - 0x78f8d83fff  libcompiler_rt.so  ???
0x78f8e1d000 - 0x78f8e2bfff  libframeflowload.so  ???
0x78f8e64000 - 0x78f8e6efff  libigfxmanager.so  ???
0x78f8e81000 - 0x78f8f56fff  libiGraphicsCore.huawei.so  ???
0x78f8fa7000 - 0x78f8fb6fff  libc_secshared.so  ???
0x78f8fe7000 - 0x78fb5bcfff  libGLES_mali.so  ???  (WARNING: No symbols, libGLES_mali.so, BD80B44CA08A3A2513473C79CF05E7560)
0x78fb7c4000 - 0x78fb7e6fff  liblzma.so  ???
0x78fb80c000 - 0x78fb860fff  libunwindstack.so  ???
0x78fb894000 - 0x78fb895fff  libion.so  ???
0x78fb8c3000 - 0x78fb8dafff  libbacktrace.so  ???
0x78fb90e000 - 0x78fb912fff  libutilscallstack.so  ???
0x78fb953000 - 0x78fb96afff  libz.so  ???
0x78fb981000 - 0x78fba1afff  libhidlbase.so  ???
0x78fba40000 - 0x78fba52fff  android.hardware.graphics.mapper@2.0.so  ???
0x78fba8a000 - 0x78fba9bfff  libbase.so  ???
0x78fbaf5000 - 0x78fbaf6fff  android.hardware.graphics.common@1.0.so  ???
0x78fbb29000 - 0x78fbb3cfff  android.hardware.graphics.mapper@2.1.so  ???
0x78fbb50000 - 0x78fbb5ffff  libcutils.so  ???
0x78fbba8000 - 0x78fbc69fff  libc++.so  ???
0x78fbc86000 - 0x78fbc87fff  android.hardware.graphics.common@1.1.so  ???
0x78fbcf6000 - 0x78fbcf7fff  libhardware.so  ???
0x78fbd2c000 - 0x78fbd2ffff  libbinderthreadstate.so  ???
0x78fbd76000 - 0x78fbd7cfff  android.hardware.graphics.mapper@2.0-impl-2.1.so  ???
0x78fbd99000 - 0x78fbd9afff  libhidltransport.so  ???
0x78fbdc5000 - 0x78fbddefff  libutils.so  ???
0x78fbe2b000 - 0x78fbe2cfff  libhwbinder.so  ???
0x78fbe42000 - 0x78fbe7bfff  libprocessgroup.so  ???
0x78fed30000 - 0x78fed33fff  android.hidl.manager-V1.0-java.odex  ???
0x78fed34000 - 0x78fed3bfff  android.hidl.manager-V1.0-java.vdex  ???
0x78fed60000 - 0x78fed63fff  android.hidl.base-V1.0-java.odex  ???
0x78fed64000 - 0x78fed67fff  android.hidl.base-V1.0-java.vdex  ???
0x78feda1000 - 0x78feda2fff  libhitrace_jni.so  ???
0x78fedf6000 - 0x78fedfcfff  libimonitor_jni.so  ???
0x78fee36000 - 0x78fee37fff  libiAwareSdk_jni.so  ???
0x78fee48000 - 0x78fee97fff  libssl.so  ???
0x78feed2000 - 0x78fef11fff  libjavacrypto.so  ???
0x78fef64000 - 0x78ff025fff  libc++.so  ???
0x78ff04b000 - 0x78ff169fff  libcrypto.so  ???
0x78ff197000 - 0x78ff1a2fff  libsoundpool.so  ???
0x78ff1d3000 - 0x78ff1dafff  libmedia_jni.huawei.so  ???
0x78ff205000 - 0x78ff272fff  libmedia_jni.so  ???
0x78ff285000 - 0x78ff2bafff  libmtp.so  ???
0x78ff2c2000 - 0x78ff2e4fff  libexif.so  ???
0x78ff30c000 - 0x78ffbfffff  NotoColorEmoji.ttf  ???
0x78ffe46000 - 0x78ffe47fff  libasyncio.so  ???
0x78fff10000 - 0x78fff8bfff  tzdata  ???
0x78fff8c000 - 0x79012effff  NotoSansCJK-Regular.ttc  ???  (WARNING: No symbols, NotoSansCJK-Regular.ttc, 000000000000000000000000000000000)
0x79012f0000 - 0x7901c6bfff  HarmonyOSHant.ttf  ???
0x7901c6c000 - 0x790340cfff  NotoSerifCJK-Regular.ttc  ???
0x790340d000 - 0x7904749fff  HarmonyOSHans.ttf  ???
0x790474a000 - 0x79047f7fff  NotoSansSymbols-Regular-Subsetted.ttf  ???
0x79047f8000 - 0x7904862fff  NotoSansTibetan-Bold.ttf  ???
0x7904863000 - 0x79048d8fff  NotoSansTibetan-Regular.ttf  ???
0x79048d9000 - 0x7904954fff  NotoSansEgyptianHieroglyphs-Regular.ttf  ???
0x7904955000 - 0x7904957fff  libhwapsimpl_jni.so  ???
0x7904992000 - 0x790616cfff  icudt63l.dat  ???
0x790616d000 - 0x790616efff  libashmemd_client.so  ???
0x7906181000 - 0x7906185fff  ashmemd_aidl_interface-cpp.so  ???
0x790618e000 - 0x79061dbfff  hyph-hu.hyb  ???
0x79061dc000 - 0x79061e6fff  libpowergenie_native3.so  ???
0x7906420000 - 0x790646ffff  libssl.so  ???
0x79064b4000 - 0x79064b7fff  libdrmbitmap.huawei.so  ???
0x7907709000 - 0x7907709fff  libcrashdemo.so  ???  (WARNING: No symbols, libcrashdemo.so, 0D23BFFDBFE1B7DF545FBAB27C0202510)
0x790770a000 - 0x790770afff  libcrashdemo.so  ???  (WARNING: No symbols, libcrashdemo.so, 0D23BFFDBFE1B7DF545FBAB27C0202510)
0x790aa56000 - 0x790aa57fff  libhiview_jni.so  ???
0x790aa81000 - 0x790aadcfff  libbreakpad.so  ???
0x790b32e000 - 0x790b42bfff  binder  ???  (WARNING: No symbols, , )
0x790bc42000 - 0x790be2efff  libvixl.so  ???
0x790be4c000 - 0x790c150fff  libart-compiler.so  ???
0x790c189000 - 0x790c1bbfff  libopenjdk.so  ???
0x790c1d8000 - 0x790c1dffff  libopenjdkjvm.so  ???
0x790c216000 - 0x790d9f0fff  icudt63l.dat  ???
0x790d9f1000 - 0x790d9f2fff  libandroidio.so  ???
0x790da1b000 - 0x790da58fff  libjavacore.so  ???
0x790da71000 - 0x790da90fff  u:object_r:hwservicemanager_prop:s0  ???  (WARNING: No symbols, , )
0x790da91000 - 0x790da93fff  libwebviewchromium_plat_support.so  ???
0x790daa7000 - 0x790dac6fff  u:object_r:hwagp_window_blur_effect_prop:s0  ???  (WARNING: No symbols, , )
0x790dac7000 - 0x790dacbfff  libutilscallstack.so  ???
0x790daf3000 - 0x790db12fff  u:object_r:itouch_prop:s0  ???  (WARNING: No symbols, , )
0x790db13000 - 0x790db5afff  android.hardware.renderscript@1.0.so  ???
0x790db9c000 - 0x790dbaafff  libRS.so  ???
0x790dbbf000 - 0x790dbdefff  u:object_r:high_freq_slide_model_prop:s0  ???  (WARNING: No symbols, , )
0x790dbdf000 - 0x790dbe1fff  libOpenSLES.so  ???
0x790dbef000 - 0x790dc0efff  u:object_r:hwagp_graphic_features_switch:s0  ???  (WARNING: No symbols, , )
0x790dc0f000 - 0x790dc2efff  u:object_r:uifirst_listview_prop:s0  ???  (WARNING: No symbols, , )
0x790dc2f000 - 0x790dc31fff  libOpenMAXAL.so  ???
0x790dc70000 - 0x790dc72fff  libtextclassifier_hash.so  ???
0x790dc93000 - 0x790dca7fff  android.hardware.neuralnetworks@1.1.so  ???
0x790dcb3000 - 0x790dcd2fff  u:object_r:use_memfd_prop:s0  ???  (WARNING: No symbols, , )
0x790dcd3000 - 0x790dd27fff  android.hardware.neuralnetworks@1.2.so  ???
0x790dd4d000 - 0x790dd79fff  android.hardware.neuralnetworks@1.0.so  ???
0x790ddb8000 - 0x790ddbafff  libfmq.so  ???
0x790ddca000 - 0x790dde9fff  u:object_r:hwagp_view_round_corner_g2_param_b_prop:s0  ???  (WARNING: No symbols, , )
0x790ddea000 - 0x790ddebfff  android.hidl.safe_union@1.0.so  ???
0x790de00000 - 0x790df9ffff  libneuralnetworks.so  ???
0x790e2c3000 - 0x790e2e2fff  u:object_r:hwagp_view_round_corner_g2_param_a_prop:s0  ???  (WARNING: No symbols, , )
0x790e2e3000 - 0x790e2e4fff  libjnigraphics.so  ???
0x790e302000 - 0x790e338fff  libcamera2ndk.so  ???
0x790e33f000 - 0x790e35efff  u:object_r:hwagp_view_round_corner_type_prop:s0  ???  (WARNING: No symbols, , )
0x790e35f000 - 0x790e36dfff  libbinder_ndk.so  ???
0x790e38a000 - 0x790e38bfff  libmedia_jni_utils.so  ???
0x790e3a0000 - 0x790e3c3fff  hyph-nn.hyb  ???
0x790e3c4000 - 0x790e3f9fff  android.hardware.drm@1.1.so  ???
0x790e412000 - 0x790e41ffff  libmedia2_jni_core.so  ???
0x790e425000 - 0x790e448fff  hyph-nb.hyb  ???
0x790e449000 - 0x790e466fff  hyph-de-ch-1901.hyb  ???
0x790e467000 - 0x790e468fff  libandroid_runtime_lazy.so  ???
0x790e47c000 - 0x790e499fff  hyph-de-1996.hyb  ???
0x790e49a000 - 0x790e4bafff  libmediadrmmetrics_lite.so  ???
0x790e4c6000 - 0x790e515fff  android.hardware.drm@1.0.so  ???
0x790e51e000 - 0x790e568fff  HwFont.ttf  ???
0x790e569000 - 0x790e56bfff  libmediandk_utils.so  ???
0x790e585000 - 0x790e5b6fff  libmediadrm.so  ???
0x790e5c8000 - 0x790e5f7fff  libmediandk.so  ???
0x790e617000 - 0x790e668fff  android.hardware.drm@1.2.so  ???
0x790e680000 - 0x790e685fff  libamidi.so  ???
0x790e689000 - 0x790e6a6fff  hyph-de-1901.hyb  ???
0x790e6c7000 - 0x790e70afff  libaaudio.so  ???
0x790e74d000 - 0x790e76cfff  libandroid.so  ???
0x790e780000 - 0x790e8b9fff  libxml2.so  ???
0x790e8f1000 - 0x790e92bfff  libimonitor.so  ???
0x790e94b000 - 0x790e955fff  libadbconnection.so  ???
0x790e97d000 - 0x790e9f7fff  NotoSansCuneiform-Regular.ttf  ???
0x790e9f8000 - 0x790ea61fff  conscrypt.jar  ???
0x79135f5000 - 0x79136f4fff   non moving space mark-bitmap 0]  ???  (WARNING: No symbols, , )
0x79136f5000 - 0x79137f4fff   non moving space live-bitmap 0]  ???  (WARNING: No symbols, , )
0x79137f5000 - 0x7913865fff  hwperf.jar  ???
0x7913866000 - 0x7913b2efff  hwframework.jar  ???
0x7913b2f000 - 0x7913c82fff  hwPartSecurity.jar  ???
0x7913c83000 - 0x7913d7afff  hwPartTelephonyOpt.jar  ???
0x7913d7b000 - 0x79140c5fff  hwEmui.jar  ???
0x79140c6000 - 0x79141c6fff  featurelayer-widget.jar  ???
0x79141c7000 - 0x79144fdfff  telephony-common.jar  ???
0x79144fe000 - 0x79145ebfff  ext.jar  ???
0x7916496000 - 0x79165ebfff  bouncycastle.jar  ???
0x7916914000 - 0x7916dccfff  core-oj.jar  ???  (WARNING: No symbols, core-oj.jar, 000000000000000000000000000000000)
0x7916dcd000 - 0x79173bdfff  libart.so  ???  (WARNING: No symbols, libart.so, E97919696DD6DFFE3FD32D27DA323A020)
0x7997805000 - 0x799780cfff  libbpf.so  ???
0x7997815000 - 0x7997834fff  u:object_r:huawei_runmode_public_read_prop:s0  ???  (WARNING: No symbols, , )
0x7997855000 - 0x7997868fff  libsensor.so  ???
0x799786e000 - 0x7997874fff  event-log-tags  ???
0x7997875000 - 0x7997894fff  u:object_r:log_prop:s0  ???  (WARNING: No symbols, , )
0x7997895000 - 0x799789dfff  libnetdbpf.so  ???
0x79978be000 - 0x79978ddfff  u:object_r:curved_side_prop:s0  ???  (WARNING: No symbols, , )
0x79978de000 - 0x79978eefff  libcutils.so  ???
0x79978f3000 - 0x7997903fff  hyph-nl.hyb  ???
0x7997904000 - 0x7997917fff  android.hardware.graphics.mapper@2.1.so  ???
0x7997926000 - 0x7997970fff  Roboto-Regular.ttf  ???
0x7997971000 - 0x7997974fff  libhwlog.so  ???
0x799797d000 - 0x799799cfff  u:object_r:exported3_radio_prop:s0  ???  (WARNING: No symbols, , )
0x799799d000 - 0x79979b2fff  android.hardware.sensors@1.0.so  ???
0x79979ba000 - 0x79979f8fff  SmartZawgyi.ttf  ???
0x79979f9000 - 0x79979fafff  android.hardware.graphics.common@1.0.so  ???
0x7997a08000 - 0x7997a16fff  hyph-en-us.hyb  ???
0x7997a17000 - 0x7997a37fff  NotoSansAnatolianHieroglyphs-Regular.otf  ???
0x7997a38000 - 0x7997a3bfff  libhuaweicust.so  ???
0x7997a44000 - 0x7997a5ffff  NotoSansMongolian-Regular.ttf  ???
0x7997a60000 - 0x7997a6ffff  libc_secshared.so  ???
0x7997a76000 - 0x7997a86fff  NotoSansNewa-Regular.otf  ???
0x7997a87000 - 0x7997a8ffff  libheif.so  ???
0x7997a94000 - 0x7997a99fff  hyph-th.hyb  ???
0x7997a9a000 - 0x7997ae1fff  SourceSansPro-Bold.ttf  ???
0x7997ae2000 - 0x7997af9fff  android.system.suspend@1.0.so  ???
0x7997b00000 - 0x7997b06fff  hyph-sv.hyb  ???
0x7997b07000 - 0x7997b25fff  NotoSansYi-Regular.ttf  ???
0x7997b26000 - 0x7997b28fff  libstagefright_http_support.so  ???
0x7997b2d000 - 0x7997b45fff  NotoSansBhaiksuki-Regular.otf  ???
0x7997b46000 - 0x7997b68fff  libexpat.so  ???
0x7997b6c000 - 0x7997b71fff  hyph-is.hyb  ???
0x7997b72000 - 0x7997b76fff  hyph-uk.hyb  ???
0x7997b77000 - 0x7997b8ffff  NotoSansLepcha-Regular.ttf  ???
0x7997b90000 - 0x7997ba2fff  android.hardware.graphics.mapper@2.0.so  ???
0x7997ba6000 - 0x7997ba8fff  hyph-ka.hyb  ???
0x7997ba9000 - 0x7997bb1fff  hyph-ru.hyb  ???
0x7997bb2000 - 0x7997bd2fff  NotoSansBamum-Regular.ttf  ???
0x7997bd3000 - 0x7997bd4fff  android.hardware.media@1.0.so  ???
0x7997bd7000 - 0x7997bdafff  hyph-sr.hyb  ???
0x7997bdb000 - 0x7997be3fff  hyph-ga.hyb  ???
0x7997be4000 - 0x7997c07fff  NotoSansMyanmarUI-Bold-ZawDecode.ttf  ???
0x7997c08000 - 0x7997d26fff  libcrypto.so  ???
0x7997d3b000 - 0x7997d46fff  hyph-en-gb.hyb  ???
0x7997d47000 - 0x7997d6afff  NotoSansMyanmarUI-Regular-ZawDecode.ttf  ???
0x7997d6b000 - 0x7997db8fff  libjpeg.so  ???
0x7997dbd000 - 0x7997dc5fff  hyph-cy.hyb  ???
0x7997dc6000 - 0x7997dc7fff  libdl_android.so  ???
0x7997dc9000 - 0x7997dcefff  hyph-et.hyb  ???
0x7997dcf000 - 0x7997ddefff  NotoSansMarchen-Regular.otf  ???
0x7997ddf000 - 0x7997e26fff  SourceSansPro-SemiBold.ttf  ???
0x7997e27000 - 0x7997eb5fff  libft2.so  ???
0x7997ebd000 - 0x7997ebffff  hyph-gl.hyb  ???
0x7997ec0000 - 0x7997ef8fff  libwilhelm.so  ???
0x7997f02000 - 0x7997f0efff  hyph-cu.hyb  ???
0x7997f0f000 - 0x7997f26fff  libbacktrace.so  ???
0x7997f2a000 - 0x7997f2bfff  hyph-el.hyb  ???
0x7997f2c000 - 0x7997f2efff  system@app@FeatureFramework@FeatureFramework.apk@classes.dex  ???  (WARNING: No symbols, , )
0x7997f2f000 - 0x7997f2ffff  system@app@FeatureFramework@FeatureFramework.apk@classes.vdex  ???  (WARNING: No symbols, , )
0x7997f32000 - 0x7997f38fff  NotoSansSharada-Regular.otf  ???
0x7997f39000 - 0x7997f5afff  NotoSerifMyanmar-Bold.otf  ???
0x7997f5b000 - 0x7997f66fff  libgraphicsenv.so  ???
0x7997f6c000 - 0x7997f6dfff  hyph-sl.hyb  ???
0x7997f6e000 - 0x7997f73fff  NotoSansMiao-Regular.otf  ???
0x7997f74000 - 0x7997fa6fff  NotoSansMyanmar-Bold-ZawDecode.ttf  ???
0x7997fa7000 - 0x7997fe1fff  libmedia_omx.so  ???
0x7997fee000 - 0x7997ff1fff  hyph-es.hyb  ???
0x7997ff2000 - 0x7998001fff  NotoSansVai-Regular.ttf  ???
0x7998002000 - 0x7998032fff  NotoSansMyanmar-Regular-ZawDecode.ttf  ???
0x7998033000 - 0x799807dfff  libpcre2.so  ???
0x7998080000 - 0x7998084fff  NotoSansMeroitic-Regular.otf  ???
0x7998085000 - 0x799808dfff  NotoSansLinearA-Regular.otf  ???
0x799808e000 - 0x799808ffff  libmemtrack.so  ???
0x7998093000 - 0x799809ffff  NotoSansSyriacWestern-Regular.ttf  ???
0x79980a0000 - 0x79980c1fff  NotoSerifMyanmar-Regular.otf  ???
0x79980c2000 - 0x79980c3fff  android.hardware.graphics.common@1.2.so  ???
0x79980c6000 - 0x79980c7fff  hyph-mn-cyrl.hyb  ???
0x79980c8000 - 0x79980ccfff  NotoSansManichaean-Regular.otf  ???
0x79980cd000 - 0x79980dbfff  NotoSansLinearB-Regular.ttf  ???
0x79980dc000 - 0x79980eefff  NotoSansKhmerUI-Bold.ttf  ???
0x79980ef000 - 0x7998101fff  NotoSansKhmerUI-Regular.ttf  ???
0x7998102000 - 0x7998104fff  libprocinfo.so  ???
0x7998107000 - 0x7998112fff  NotoSansTaiTham-Regular.ttf  ???
0x7998113000 - 0x7998136fff  NotoSansKhmer-VF.ttf  ???
0x7998137000 - 0x799814bfff  NotoSansSinhalaUI-Bold.otf  ???
0x799814c000 - 0x799816dfff  libnetdutils.so  ???
0x7998174000 - 0x7998175fff  hyph-fr.hyb  ???
0x7998176000 - 0x799817cfff  NotoSansPhagsPa-Regular.ttf  ???
0x799817d000 - 0x7998193fff  NotoSansSinhalaUI-Medium.otf  ???
0x7998194000 - 0x79981a8fff  NotoSansSinhalaUI-Regular.otf  ???
0x79981a9000 - 0x79981b6fff  libbufferhub.so  ???
0x79981bb000 - 0x79981c3fff  NotoSansSymbols-Regular-Subsetted2.ttf  ???
0x79981c4000 - 0x799824efff  libsonivox.so  ???
0x7998259000 - 0x799825cfff  NotoSansPahawhHmong-Regular.otf  ???
0x799825d000 - 0x7998271fff  NotoSerifSinhala-Bold.otf  ???
0x7998272000 - 0x7998286fff  NotoSansSinhala-Bold.otf  ???
0x7998287000 - 0x7998298fff  android.hidl.token@1.0.so  ???
0x799829c000 - 0x799829cfff  hyph-tr.hyb  ???
0x799829d000 - 0x79982a9fff  NotoSansSyriacEastern-Regular.ttf  ???
0x79982aa000 - 0x79982c0fff  NotoSansSinhala-Medium.otf  ???
0x79982c1000 - 0x79982d5fff  NotoSansSinhala-Regular.otf  ???
0x79982d6000 - 0x79982f3fff  libjsoncpp.so  ???
0x79982f6000 - 0x79982f6fff  hyph-it.hyb  ???
0x79982f7000 - 0x7998309fff  NotoSerifSinhala-Regular.otf  ???
0x799830a000 - 0x7998331fff  libvulkan.so  ???
0x7998336000 - 0x7998337fff  hyph-da.hyb  ???
0x7998338000 - 0x799834bfff  NotoSansOriyaUI-Bold.ttf  ???
0x799834c000 - 0x799835ffff  NotoSansOriyaUI-Regular.ttf  ???
0x7998360000 - 0x799836cfff  libziparchive.so  ???
0x799836f000 - 0x7998383fff  NotoSansOriya-Bold.ttf  ???
0x7998384000 - 0x7998398fff  NotoSansOriya-Regular.ttf  ???
0x7998399000 - 0x799839afff  libsync.so  ???
0x799839e000 - 0x79983a0fff  NotoSansPauCinHau-Regular.otf  ???
0x79983a1000 - 0x79983affff  NotoSansKaithi-Regular.ttf  ???
0x79983b0000 - 0x79983c6fff  NotoSerifKannada-Bold.ttf  ???
0x79983c7000 - 0x79983c8fff  libnativeloader_lazy.so  ???
0x79983cc000 - 0x79983cdfff  hyph-be.hyb  ???
0x79983ce000 - 0x799842cfff  hwPartDeviceVirtualization.jar  ???
0x799842d000 - 0x799843bfff  libmediametrics.so  ???
0x7998440000 - 0x7998441fff  frameworkResOverlay.apk  ???
0x7998442000 - 0x799844dfff  NotoSansSyriacEstrangela-Regular.ttf  ???
0x799844e000 - 0x799845efff  android.hardware.graphics.allocator@2.0.so  ???
0x7998462000 - 0x79984a9fff  SourceSansPro-Regular.ttf  ???
0x79984aa000 - 0x79984adfff  libspeexresampler.so  ???
0x79984b0000 - 0x79984b2fff  NotoSansPalmyrene-Regular.otf  ???
0x79984b3000 - 0x79984b6fff  NotoSansTifinagh-Regular.ttf  ???
0x79984b7000 - 0x79984cdfff  NotoSerifKannada-Regular.ttf  ???
0x79984ce000 - 0x79984e8fff  android.frameworks.bufferhub@1.0.so  ???
0x79984ed000 - 0x79984effff  NotoSansOldPermic-Regular.otf  ???
0x79984f0000 - 0x79984f3fff  NotoSansTaiViet-Regular.ttf  ???
0x79984f4000 - 0x799850ffff  NotoSansTeluguUI-Bold.ttf  ???
0x7998510000 - 0x79985c2fff  libaudioclient.so  ???
0x79985d6000 - 0x79985dafff  NotoSansSaurashtra-Regular.ttf  ???
0x79985db000 - 0x79985fffff  NotoSerifTelugu-Bold.ttf  ???
0x7998600000 - 0x7998601fff  libhwbinder.so  ???
0x7998604000 - 0x7998617fff  NotoSansKannadaUI-Bold.ttf  ???
0x7998618000 - 0x7998658fff  NotoSerif-BoldItalic.ttf  ???
0x7998659000 - 0x799866dfff  libmediautils.so  ???
0x7998672000 - 0x799867bfff  NotoSansJavanese-Regular.ttf  ???
0x799867c000 - 0x79986a0fff  NotoSerifTelugu-Regular.ttf  ???
0x79986a1000 - 0x79986acfff  libsoundtrigger.so  ???
0x79986b3000 - 0x79986c1fff  NotoSansCherokee-Regular.ttf  ???
0x79986c2000 - 0x7998796fff  libc.so  ???  (WARNING: No symbols, libc.so, 5C771CB99BCC5605E91BC575A2511CD00)
0x79987a9000 - 0x79987aafff  EmojiIcon.otf  ???
0x79987ab000 - 0x79987c6fff  NotoSansTeluguUI-Regular.ttf  ???
0x79987c7000 - 0x79987d9fff  android.hardware.cas.native@1.0.so  ???
0x79987dd000 - 0x79987defff  NotoSansSoraSompeng-Regular.otf  ???
0x79987df000 - 0x79987f2fff  NotoSansKannadaUI-Regular.ttf  ???
0x79987f3000 - 0x799880dfff  NotoSansTelugu-Bold.ttf  ???
0x799880e000 - 0x7998812fff  libnativewindow.so  ???
0x7998815000 - 0x7998820fff  NotoSansCanadianAboriginal-Regular.ttf  ???
0x7998821000 - 0x799885dfff  NotoSerif-Italic.ttf  ???
0x799885e000 - 0x799885ffff  android.hardware.input.common@1.0.so  ???
0x7998862000 - 0x7998865fff  NotoSansSylotiNagri-Regular.ttf  ???
0x7998866000 - 0x799887afff  NotoSansKannada-Regular.ttf  ???
0x799887b000 - 0x7998896fff  NotoSansTelugu-Regular.ttf  ???
0x7998897000 - 0x79988abfff  android.hardware.configstore@1.1.so  ???
0x79988af000 - 0x79988bbfff  NotoSansAdlam-Regular.ttf  ???
0x79988bc000 - 0x79988d8fff  NotoSerifBengali-Bold.ttf  ???
0x79988d9000 - 0x79988f0fff  libtinyxml2.so  ???
0x79988f3000 - 0x79988f4fff  NotoSansOldNorthArabian-Regular.otf  ???
0x79988f5000 - 0x7998911fff  NotoSerifBengali-Regular.ttf  ???
0x7998912000 - 0x799897bfff  libcamera_client.so  ???
0x79989ac000 - 0x79989bffff  NotoSansKannada-Bold.ttf  ???
0x79989c0000 - 0x7998a00fff  libprotobuf-cpp-lite.so  ???
0x7998a05000 - 0x7998a0cfff  NotoSansChakma-Regular.otf  ???
0x7998a0d000 - 0x7998a54fff  HarmonyOSCondensed-Italic.ttf  ???
0x7998a55000 - 0x7998a58fff  libbinderthreadstate.so  ???
0x7998a5c000 - 0x7998a5cfff  hyph-und-ethi.hyb  ???
0x7998a5d000 - 0x7998a61fff  NotoSansNKo-Regular.ttf  ???
0x7998a62000 - 0x7998a75fff  NotoSansBengaliUI-Bold.otf  ???
0x7998a76000 - 0x7998a91fff  NotoSansGujaratiUI-Bold.ttf  ???
0x7998a92000 - 0x7998a93fff  libiawareqossched.so  ???
0x7998a97000 - 0x7998aacfff  NotoSansBengaliUI-Medium.otf  ???
0x7998aad000 - 0x7998ac9fff  NotoSansGujaratiUI-Regular.ttf  ???
0x7998aca000 - 0x7998af6fff  libinput.so  ???
0x7998afe000 - 0x7998b05fff  NotoSansBalinese-Regular.ttf  ???
0x7998b06000 - 0x7998b0dfff  NotoSansLaoUI-Bold.ttf  ???
0x7998b0e000 - 0x7998b2afff  NotoSansGujarati-Bold.ttf  ???
0x7998b2b000 - 0x7998b32fff  libGLESv1_CM.so  ???
0x7998b35000 - 0x7998b36fff  NotoSansNabataean-Regular.otf  ???
0x7998b37000 - 0x7998b4afff  NotoSansBengaliUI-Regular.otf  ???
0x7998b4b000 - 0x7998c0cfff  libc++.so  ???
0x7998c1a000 - 0x7998c1afff  hyph-tk.hyb  ???
0x7998c1b000 - 0x7998c65fff  HarmonyOSCondensed.ttf  ???
0x7998c66000 - 0x7998c6ffff  libdrmframework.so  ???
0x7998c74000 - 0x7998c91fff  NotoSansGujarati-Regular.ttf  ???
0x7998c92000 - 0x7998cadfff  NotoSansDevanagariUI-Medium.otf  ???
0x7998cae000 - 0x7998cb3fff  libiAwareRtgSched.so  ???
0x7998cb7000 - 0x7998cbafff  NotoSansOldPersian-Regular.ttf  ???
0x7998cbb000 - 0x7998cc2fff  NotoSansLaoUI-Regular.ttf  ???
0x7998cc3000 - 0x7998cdffff  NotoSansDevanagari-Bold.otf  ???
0x7998ce0000 - 0x7998cf1fff  libbase.so  ???
0x7998cf5000 - 0x7998cf5fff  hyph-te.hyb  ???
0x7998cf6000 - 0x7998cf7fff  NotoSansMultani-Regular.otf  ???
0x7998cf8000 - 0x7998d16fff  NotoSansDevanagari-Medium.otf  ???
0x7998d17000 - 0x7998d2efff  libz.so  ???
0x7998d31000 - 0x7998d31fff  hyph-ta.hyb  ???
0x7998d32000 - 0x7998d46fff  NotoSansBengali-Bold.otf  ???
0x7998d47000 - 0x7998d4afff  libhardware_legacy.so  ???
0x7998d4e000 - 0x7998d4ffff  NotoSansMro-Regular.otf  ???
0x7998d50000 - 0x7998d53fff  NotoSansNewTaiLue-Regular.ttf  ???
0x7998d54000 - 0x7998d5ffff  NotoSerifKhmer-Bold.otf  ???
0x7998d60000 - 0x7998d83fff  NotoSansEthiopic-Bold.ttf  ???
0x7998d84000 - 0x7998d95fff  vendor.huawei.hardware.iawareperf@1.0.so  ???
0x7998d99000 - 0x7998dd5fff  NotoSerif-Bold.ttf  ???
0x7998dd6000 - 0x7998de8fff  libaudioutils.so  ???
0x7998deb000 - 0x7998e00fff  NotoSansBengali-Medium.otf  ???
0x7998e01000 - 0x7998ee2fff  libgui.so  ???
0x7998f00000 - 0x7998f01fff  NotoSansHatran-Regular.otf  ???
0x7998f02000 - 0x7998f15fff  NotoSansBengali-Regular.otf  ???
0x7998f16000 - 0x7998f38fff  NotoSansEthiopic-Regular.ttf  ???
0x7998f39000 - 0x7998f3cfff  libiawareperf_client.so  ???
0x7998f40000 - 0x7998f40fff  hyph-pt.hyb  ???
0x7998f41000 - 0x7998f42fff  NotoSansBassaVah-Regular.otf  ???
0x7998f43000 - 0x7998fe7fff  libbinder.so  ???  (WARNING: No symbols, libbinder.so, E83A0582C18D97AF5C944FDAB2D8DE220)
0x7998ffa000 - 0x7999001fff  NotoSerifLao-Bold.ttf  ???
0x7999002000 - 0x799900dfff  NotoSansMalayalamUI-Bold.otf  ???
0x799900e000 - 0x7999070fff  libandroidfw.so  ???
0x7999077000 - 0x7999079fff  NotoSansTaiLe-Regular.ttf  ???
0x799907a000 - 0x7999081fff  NotoSerifLao-Regular.ttf  ???
0x7999082000 - 0x79990a4fff  HarmonyOSNaskhArabicUI.ttf  ???
0x79990a5000 - 0x799954bfff  libpdfium.so  ???
0x799956d000 - 0x7999570fff  NotoSansMeeteiMayek-Regular.ttf  ???
0x7999571000 - 0x799958dfff  NotoSansDevanagari-Regular.otf  ???
0x799958e000 - 0x799958ffff  libhardware.so  ???
0x7999592000 - 0x79995e0fff  HarmonyOS.ttf  ???
0x79995e1000 - 0x79995e7fff  libaudiopolicy.so  ???
0x79995ea000 - 0x79995eafff  hyph-pa.hyb  ???
0x79995eb000 - 0x799960afff  NotoSerifEthiopic-Bold.otf  ???
0x799960b000 - 0x7999638fff  vendor.huawei.hardware.hwfactoryinterface@1.1.so  ???
0x799963d000 - 0x7999657fff  NotoSansDevanagariUI-Bold.otf  ???
0x7999658000 - 0x7999668fff  libhiview.so  ???
0x799966c000 - 0x799966cfff  hyph-or.hyb  ???
0x799966d000 - 0x7999686fff  NotoSansDevanagariUI-Regular.otf  ???
0x7999687000 - 0x7999720fff  libhidlbase.so  ???
0x799972e000 - 0x7999733fff  NotoSansKharoshthi-Regular.ttf  ???
0x7999734000 - 0x7999741fff  NotoSansMalayalamUI-Medium.otf  ???
0x7999742000 - 0x799976afff  vendor.huawei.hardware.sensors@1.2.so  ???
0x7999770000 - 0x7999771fff  NotoSansUgaritic-Regular.ttf  ???
0x7999772000 - 0x799978dfff  NotoSerifEthiopic-Regular.otf  ???
0x799978e000 - 0x7999791fff  libstagefright_omx_utils.so  ???
0x7999795000 - 0x799979cfff  NotoSansLao-Bold.ttf  ???
0x799979d000 - 0x79997d9fff  NotoSerif-Regular.ttf  ???
0x79997da000 - 0x79997f2fff  libhilog.so  ???
0x79997f6000 - 0x79997fbfff  NotoSansCoptic-Regular.ttf  ???
0x79997fc000 - 0x7999807fff  NotoSansMalayalamUI-Regular.otf  ???
0x7999808000 - 0x7999839fff  android.hardware.cas@1.0.so  ???
0x7999840000 - 0x7999840fff  hyph-mr.hyb  ???
0x7999841000 - 0x7999844fff  NotoSansMandaic-Regular.ttf  ???
0x7999845000 - 0x7999851fff  NotoSerifMalayalam-Bold.ttf  ???
0x7999852000 - 0x7999874fff  HarmonyOSNaskhArabic.ttf  ???
0x7999875000 - 0x799987bfff  libiawareperf_jni.so  ???
0x799987f000 - 0x7999898fff  SourceSansPro-BoldItalic.ttf  ???
0x7999899000 - 0x799989afff  android.hardware.graphics.common@1.1.so  ???
0x799989d000 - 0x79998b6fff  SourceSansPro-SemiBoldItalic.ttf  ???
0x79998b7000 - 0x79998d3fff  DancingScript-Bold.ttf  ???
0x79998d4000 - 0x79998d8fff  libhidlmemory.so  ???
0x79998dc000 - 0x79998defff  NotoSansSundanese-Regular.ttf  ???
0x79998df000 - 0x79998ebfff  NotoSerifMalayalam-Regular.ttf  ???
0x79998ec000 - 0x7999908fff  DancingScript-Regular.ttf  ???
0x7999909000 - 0x7999918fff  android.hidl.memory.token@1.0.so  ???
0x799991c000 - 0x799991dfff  NotoSansTagbanwa-Regular.ttf  ???
0x799991e000 - 0x7999967fff  HarmonyOS-Italic.ttf  ???
0x7999968000 - 0x799997afff  server_configurable_flags.so  ???
0x799997e000 - 0x799997efff  hyph-ml.hyb  ???
0x799997f000 - 0x7999988fff  NotoSerifKhmer-Regular.otf  ???
0x7999989000 - 0x7999994fff  NotoSansMalayalam-Bold.otf  ???
0x7999995000 - 0x79999a5fff  android.hardware.graphics.allocator@3.0.so  ???
0x79999a9000 - 0x79999a9fff  hyph-la.hyb  ???
0x79999aa000 - 0x79999b1fff  NotoSansLao-Regular.ttf  ???
0x79999b2000 - 0x79999bffff  NotoSansMalayalam-Medium.otf  ???
0x79999c0000 - 0x79999fbfff  vendor.huawei.hardware.hwfactoryinterface@1.0.so  ???
0x7999a00000 - 0x7999a03fff  NotoSansGlagolitic-Regular.ttf  ???
0x7999a04000 - 0x7999a0ffff  NotoSansMalayalam-Regular.otf  ???
0x7999a10000 - 0x7999a17fff  NotoSansTamilUI-Bold.otf  ???
0x7999a18000 - 0x7999a23fff  libhwmediamonitor_client.so  ???
0x7999a28000 - 0x7999a41fff  SourceSansPro-Italic.ttf  ???
0x7999a42000 - 0x7999a7bfff  libprocessgroup.so  ???
0x7999a80000 - 0x7999a80fff  hyph-kn.hyb  ???
0x7999a81000 - 0x7999a89fff  NotoSansTamilUI-Medium.otf  ???
0x7999a8a000 - 0x7999a91fff  NotoSansTamilUI-Regular.otf  ???
0x7999a92000 - 0x7999a9bfff  libhwaps.so  ???
0x7999a9f000 - 0x7999aa6fff  NotoSerifTamil-Bold.otf  ???
0x7999aa7000 - 0x7999aaefff  NotoSerifTamil-Regular.otf  ???
0x7999aaf000 - 0x7999acefff  u:object_r:thememanager_deep_prop:s0  ???  (WARNING: No symbols, , )
0x7999acf000 - 0x7999ae3fff  vendor.huawei.hardware.camera.camResource@1.0.so  ???
0x7999ae7000 - 0x7999aecfff  NotoSansBrahmi-Regular.ttf  ???
0x7999aed000 - 0x7999af4fff  NotoSansTamil-Bold.otf  ???
0x7999af5000 - 0x7999afdfff  NotoSansTamil-Medium.otf  ???
0x7999afe000 - 0x7999b38fff  icu_tzdata.dat  ???
0x7999b39000 - 0x7999b3afff  libservices.huawei.so  ???
0x7999b3d000 - 0x7999b3dfff  hyph-hy.hyb  ???
0x7999b3e000 - 0x7999b43fff  NotoSansCham-Bold.ttf  ???
0x7999b44000 - 0x7999b4bfff  NotoSansTamil-Regular.otf  ???
0x7999b4c000 - 0x7999b53fff  NotoSansGurmukhiUI-Bold.ttf  ???
0x7999b54000 - 0x7999b55fff  libhwnetutils.so  ???
0x7999b58000 - 0x7999b5ffff  NotoSansGurmukhiUI-Regular.ttf  ???
0x7999b60000 - 0x7999b67fff  NotoSerifGurmukhi-Bold.otf  ???
0x7999b68000 - 0x7999b6efff  NotoSerifGurmukhi-Regular.otf  ???
0x7999b8f000 - 0x7999b9ffff  android.hardware.input.classifier@1.0.so  ???
0x7999ba3000 - 0x7999ba4fff  NotoSansTagalog-Regular.ttf  ???
0x7999ba5000 - 0x7999bbffff  DroidSansMono.ttf  ???
0x7999bc0000 - 0x7999bdffff  u:object_r:hw_cust_common_prop:s0  ???  (WARNING: No symbols, , )
0x7999be0000 - 0x7999be6fff  libcamera_metadata.so  ???
0x7999beb000 - 0x7999bf0fff  NotoSansCham-Regular.ttf  ???
0x7999bf1000 - 0x7999c00fff  NotoSerifGujarati-Bold.ttf  ???
0x7999c01000 - 0x7999c6afff  libitouchmanager.so  ???
0x7999c77000 - 0x7999c77fff  hyph-hr.hyb  ???
0x7999c78000 - 0x7999c7bfff  NotoSansBatak-Regular.ttf  ???
0x7999c7c000 - 0x7999c83fff  NotoSansGurmukhi-Bold.ttf  ???
0x7999c84000 - 0x7999ca3fff  u:object_r:radio_prop:s0  ???  (WARNING: No symbols, , )
0x7999ca4000 - 0x7999cb0fff  libbpf_android.so  ???
0x7999cb4000 - 0x7999cb7fff  NotoSansAhom-Regular.otf  ???
0x7999cb8000 - 0x7999ccbfff  NotoSerifDevanagari-Bold.ttf  ???
0x7999ccc000 - 0x7999de5fff  libsqlite.so  ???
0x7999dec000 - 0x7999decfff  hyph-hi.hyb  ???
0x7999ded000 - 0x7999deefff  NotoSansShavian-Regular.ttf  ???
0x7999e0f000 - 0x7999e13fff  libdebuggerd_client.so  ???
0x7999e16000 - 0x7999e18fff  NotoSansSamaritan-Regular.ttf  ???
0x7999e19000 - 0x7999e28fff  NotoSerifGujarati-Regular.ttf  ???
0x7999e29000 - 0x7999e48fff  u:object_r:exported3_system_prop:s0  ???  (WARNING: No symbols, , )
0x7999e49000 - 0x7999ee2fff  libmedia.so  ???
0x7999efb000 - 0x7999efdfff  NotoSansRunic-Regular.ttf  ???
0x7999efe000 - 0x7999f05fff  NotoSansGurmukhi-Regular.ttf  ???
0x7999f06000 - 0x7999f31fff  libmemunreachable.so  ???
0x7999f36000 - 0x7999f39fff  NotoSansThaana-Bold.ttf  ???
0x7999f3a000 - 0x7999f4dfff  NotoSerifDevanagari-Regular.ttf  ???
0x7999f4e000 - 0x7999f6bfff  libhwrme_scene.so  ???
0x7999f6f000 - 0x7999f70fff  NotoSansRejang-Regular.ttf  ???
0x7999f71000 - 0x7999f76fff  NotoSerifGeorgian-Bold.otf  ???
0x7999f77000 - 0x7999f7cfff  NotoSerifGeorgian-Regular.otf  ???
0x7999f7d000 - 0x7999f82fff  NotoSansGeorgian-Bold.otf  ???
0x7999fa3000 - 0x7999fa5fff  libcgrouprc.so  ???
0x7999fa9000 - 0x7999fa9fff  hyph-gu.hyb  ???
0x7999faa000 - 0x7999fadfff  NotoSansThaana-Regular.ttf  ???
0x7999fae000 - 0x7999fb3fff  NotoSansGeorgian-Medium.otf  ???
0x7999fb4000 - 0x7999fb8fff  NotoSansGeorgian-Regular.otf  ???
0x7999fb9000 - 0x7999fbcfff  NotoSerifArmenian-Regular.otf  ???
0x7999fbd000 - 0x7999fc0fff  NotoSansArmenian-Bold.otf  ???
0x7999fe1000 - 0x7999ffafff  android.hardware.configstore@1.0.so  ???
0x7999ffe000 - 0x7999ffffff  NotoSansPhoenician-Regular.ttf  ???
0x799a000000 - 0x799a6a5fff  libhwui.so  ???  (WARNING: No symbols, libhwui.so, 4B482C9BC1118C2436B6417C8BE59C460)
0x799a6e4000 - 0x799a6e4fff  hyph-eu.hyb  ???
0x799a6e5000 - 0x799a6e6fff  NotoSansOsmanya-Regular.ttf  ???
0x799a701000 - 0x799a733fff  vendor.huawei.hardware.tp@1.0.so  ???
0x799a739000 - 0x799a73dfff  NotoSansThaiUI-Bold.ttf  ???
0x799a73e000 - 0x799a743fff  NotoSansThaiUI-Regular.ttf  ???
0x799a744000 - 0x799a775fff  libpng.so  ???
0x799a778000 - 0x799a77afff  NotoSansOsage-Regular.ttf  ???
0x799a77b000 - 0x799a79afff  u:object_r:exported2_config_prop:s0  ???  (WARNING: No symbols, , )
0x799a79b000 - 0x799a7abfff  libhwextdevice.so  ???
0x799a7b2000 - 0x799a7b5fff  NotoSansArmenian-Medium.otf  ???
0x799a7b6000 - 0x799a7bafff  NotoSerifThai-Bold.ttf  ???
0x799a7bb000 - 0x799a7bffff  NotoSerifThai-Regular.ttf  ???
0x799a7c0000 - 0x799a7c1fff  libhidltransport.so  ???
0x799a7c4000 - 0x799a7c8fff  NotoSansThai-Bold.ttf  ???
0x799a7c9000 - 0x799a7d7fff  ComingSoon.ttf  ???
0x799a7f8000 - 0x799a817fff  u:object_r:config_prop:s0  ???  (WARNING: No symbols, , )
0x799a818000 - 0x799a837fff  vendor.huawei.hardware.sensors@1.0.so  ???
0x799a83c000 - 0x799a83cfff  hyph-bn.hyb  ???
0x799a83d000 - 0x799a83efff  NotoSansOldTurkic-Regular.ttf  ???
0x799a83f000 - 0x799a844fff  NotoSansThai-Regular.ttf  ???
0x799a845000 - 0x799a849fff  NotoSerifHebrew-Bold.ttf  ???
0x799a84a000 - 0x799a869fff  u:object_r:huawei_version_public_read_prop:s0  ???  (WARNING: No symbols, , )
0x799a86a000 - 0x799a882fff  libunwind.so  ???
0x799a8ef000 - 0x799a8effff  hyph-bg.hyb  ???
0x799a8f0000 - 0x799a8f1fff  NotoSansOldSouthArabian-Regular.ttf  ???
0x799a8f2000 - 0x799a8fbfff  CarroisGothicSC-Regular.ttf  ???
0x799a8fc000 - 0x799a936fff  icu_tzdata.dat  ???
0x799a937000 - 0x799a939fff  libnativebridge_lazy.so  ???
0x799a93d000 - 0x799a93efff  NotoSansOldItalic-Regular.ttf  ???
0x799a95f000 - 0x799a963fff  libmedia_omx_client.so  ???
0x799a966000 - 0x799a969fff  NotoSansArmenian-Regular.otf  ???
0x799a96a000 - 0x799a97afff  CutiveMono.ttf  ???
0x799a99b000 - 0x799a9aafff  android.hidl.allocator@1.0.so  ???
0x799a9ae000 - 0x799a9affff  NotoSansOlChiki-Regular.ttf  ???
0x799a9b0000 - 0x799a9b4fff  NotoSerifHebrew-Regular.ttf  ???
0x799a9dc000 - 0x799a9ebfff  android.hardware.memtrack@1.0.so  ???
0x799a9ef000 - 0x799a9f3fff  NotoSansHebrew-Bold.ttf  ???
0x799a9f4000 - 0x799a9f4fff  GFXStats-8809 (deleted)  ???  (WARNING: No symbols, , )
0x799aa06000 - 0x799aa1cfff  liblog.so  ???
0x799aa20000 - 0x799aa20fff  hyph-as.hyb  ???
0x799aa21000 - 0x799aa22fff  NotoSansOgham-Regular.ttf  ???
0x799aa3e000 - 0x799aa4cfff  updatable-media.jar  ???
0x799aa4d000 - 0x799aa60fff  vendor.huawei.hardware.jpegdec@1.0.so  ???
0x799aa64000 - 0x799aa68fff  NotoSansHebrew-Regular.ttf  ???
0x799aa6c000 - 0x799aa6cfff  b644c9d7-957a-458d-a9c6-4a5eefd294bc (deleted)  ???  (WARNING: No symbols, , )
0x799aab2000 - 0x799aab3fff  libdl.so  ???
0x799aab6000 - 0x799aab7fff  NotoSansLydian-Regular.ttf  ???
0x799aacc000 - 0x799aaeffff  libpdx_default_transport.so  ???
0x799aaf4000 - 0x799aaf5fff  NotoSansLycian-Regular.ttf  ???
0x799ab06000 - 0x799ab24fff  libhidl-gen-utils.so  ???
0x799ab48000 - 0x799ab62fff  vendor.huawei.hardware.sensors@1.1.so  ???
0x799ab8f000 - 0x799ab91fff  libstdc++.so  ???
0x799abd8000 - 0x799abecfff  android.hardware.graphics.mapper@3.0.so  ???
0x799ac09000 - 0x799ac0bfff  libdexfile_support.so  ???
0x799ac43000 - 0x799ac44fff  libGameCollect.so  ???
0x799ac58000 - 0x799acabfff  hwPartMedia.jar  ???
0x799acac000 - 0x799acb6fff  libappfuse.so  ???
0x799acba000 - 0x799acbbfff  NotoSansLisu-Regular.ttf  ???
0x799acf8000 - 0x799acfbfff  libusbhost.so  ???
0x799acff000 - 0x799ad01fff  NotoSansLimbu-Regular.ttf  ???
0x799ad36000 - 0x799aeeafff  libstagefright.so  ???
0x799af03000 - 0x799af9ffff  libharfbuzz_ng.so  ???
0x799afe6000 - 0x799affbfff  libmedia_helper.so  ???
0x799afff000 - 0x799b000fff  NotoSansKayahLi-Regular.ttf  ???
0x799b01d000 - 0x799b01ffff  android.hidl.token@1.0-utils.so  ???
0x799b023000 - 0x799b023fff  hw_product@overlay@frameworkResOverlay.apk@idmap  ???
0x799b04c000 - 0x799b04efff  libETC1.so  ???
0x799b052000 - 0x799b053fff  NotoSansInscriptionalParthian-Regular.ttf  ???
0x799b098000 - 0x799b09bfff  libnativebridge.so  ???
0x799b09f000 - 0x799b0a1fff  NotoSansElbasan-Regular.otf  ???
0x799b0da000 - 0x799b130fff  android.hardware.media.omx@1.0.so  ???
0x799b13a000 - 0x799b13bfff  NotoSansInscriptionalPahlavi-Regular.ttf  ???
0x799b164000 - 0x799b168fff  libhitrace.so  ???
0x799b180000 - 0x799b1f7fff  libvintf.so  ???
0x799b200000 - 0x799b201fff  NotoSansImperialAramaic-Regular.ttf  ???
0x799b212000 - 0x799b21cfff  libmeminfo.so  ???
0x799b220000 - 0x799b221fff  NotoSansHanunoo-Regular.ttf  ???
0x799b24e000 - 0x799b279fff  libui.so  ???
0x799b28e000 - 0x799b4e0fff  libicui18n.so  ???
0x799b4f6000 - 0x799b4f7fff  NotoSansGothic-Regular.ttf  ???
0x799b508000 - 0x799b509fff  android.hardware.configstore-utils.so  ???
0x799b550000 - 0x799b551fff  libpowerlog.so  ???
0x799b55a000 - 0x799b5b6fff  hwPartTelephonyVSim.jar  ???
0x799b5b7000 - 0x799b5bafff  libhwrmeRtgSched.so  ???
0x799b5be000 - 0x799b5c0fff  NotoSansDeseret-Regular.ttf  ???
0x799b5c1000 - 0x799b5d4fff  libnativeloader.so  ???
0x799b5d8000 - 0x799b5d8fff  system@app@FeatureFramework@FeatureFramework.apk@classes.dex  ???  (WARNING: No symbols, , )
0x799b5d9000 - 0x799b5dafff  NotoSansCypriot-Regular.ttf  ???
0x799b60b000 - 0x799b624fff  android.hidl.memory@1.0.so  ???
0x799b629000 - 0x799b62afff  NotoSansCarian-Regular.ttf  ???
0x799b65f000 - 0x799b68dfff  libEGL.so  ???
0x799b6a8000 - 0x799b6a9fff  NotoSansBuhid-Regular.ttf  ???
0x799b6c6000 - 0x799b6cdfff  libnetutils.so  ???
0x799b6d1000 - 0x799b6d2fff  NotoSansBuginese-Regular.ttf  ???
0x799b6df000 - 0x799b738fff  hwPartTelephony.jar  ???
0x799b739000 - 0x799b73cfff  libaudiomanager.so  ???
0x799b74d000 - 0x799b773fff  android.hardware.graphics.bufferqueue@2.0.so  ???
0x799b778000 - 0x799b77afff  NotoSansAvestan-Regular.ttf  ???
0x799b79f000 - 0x799b7bafff  libbufferhubqueue.so  ???
0x799b7be000 - 0x799b7c0fff  NotoSerifArmenian-Bold.otf  ???
0x799b7dd000 - 0x799b7defff  vendor.huawei.hardware.graphics.common@1.0.so  ???
0x799b833000 - 0x799ba90fff  libandroid_runtime.so  ???  (WARNING: No symbols, libandroid_runtime.so, 1F352CA9DACFF1200FF25C04ED924F5F0)
0x799bac2000 - 0x799badbfff  libimg_utils.so  ???
0x799bb19000 - 0x799bb36fff  vendor.huawei.hardware.motion@1.0.so  ???
0x799bb41000 - 0x799bb70fff  libstagefright_foundation.so  ???
0x799bb91000 - 0x799bb9ffff  libGameGraphicsOpt.so  ???
0x799bbc7000 - 0x799bbf4fff  libnblog.so  ???
0x799bc0d000 - 0x799bc30fff  liblzma.so  ???
0x799bc5f000 - 0x799bc68fff  libvibrator.so  ???
0x799bc95000 - 0x799bcbcfff  libminikin.so  ???
0x799bcd2000 - 0x799bcd3fff  libpackagelistparser.so  ???
0x799bd08000 - 0x799bd19fff  vendor.huawei.hardware.hwsched@1.0.so  ???
0x799bd25000 - 0x799bd67fff  com.huawei.nfc.jar  ???
0x799bd68000 - 0x799bd6afff  lib_oeminfo_interface.so  ???
0x799bd89000 - 0x799bda1fff  libGLESv2.so  ???
0x799bdc2000 - 0x799be7bfff  libdng_sdk.so  ???
0x799bee8000 - 0x799beebfff  libnetd_client.so  ???
0x799bf2d000 - 0x799bf31fff  libstagefright_codecbase.so  ???
0x799bf4a000 - 0x799bf76fff  libandroidicu.so  ???
0x799bf82000 - 0x799bf85fff  libiAwareSdkAdapter.so  ???
0x799bfc2000 - 0x799bfc8fff  libnativehelper.so  ???
0x799bfdb000 - 0x799c01efff  hwPartTelephonyTimezoneOpt.jar  ???
0x799c01f000 - 0x799c038fff  libutils.so  ???  (WARNING: No symbols, libutils.so, BA69421BC696A34545BD841054A798CC0)
0x799c046000 - 0x799c1f3fff  libicuuc.so  ???
0x799c242000 - 0x799c26dfff  android.hardware.graphics.bufferqueue@1.0.so  ???
0x799c290000 - 0x799c2e7fff  libunwindstack.so  ???
0x799c312000 - 0x799c326fff  vendor.huawei.hardware.camera.camResource@1.1.so  ???
0x799c36c000 - 0x799c3b0fff  libRScpp.so  ???
0x799c3c2000 - 0x799c3dafff  libGLESv3.so  ???
0x799c41e000 - 0x799c434fff  libpiex.so  ???
0x799c444000 - 0x799c472fff  libstatslog.so  ???
0x799c49f000 - 0x799c4a0fff  libvndksupport.so  ???
0x799c4cc000 - 0x799c4e2fff  libdrmframeworkcommon.so  ???
0x799c4f6000 - 0x799c526fff  hwcustTelephony-common.jar  ???
0x799c527000 - 0x799c52afff  lib_oeminfo_nv_interface.so  ???
0x799c52e000 - 0x799c563fff  servicehost.jar  ???
0x799c564000 - 0x799c565fff  libhidlallocatorutils.so  ???
0x799c56f000 - 0x799c59ffff  hwPartMdm.jar  ???
0x799c5a0000 - 0x799c5b6fff  libselinux.so  ???
0x799c5c8000 - 0x799c5e8fff  libhwrme_client.so  ???
0x799c607000 - 0x799c63cfff  libm.so  ???
0x799c677000 - 0x799c79efff  apache-xml.jar  ???
0x799c7a9000 - 0x799c7f5fff  hwPartTelephonyFullnetworkOpt.jar  ???
0x799c7f6000 - 0x799c7f8fff  libartpalette-system.so  ???
0x799c7fb000 - 0x799c815fff  hwIAwareAL.jar  ???
0x799c816000 - 0x799c83bfff  hwPartIaware.jar  ???
0x799c83c000 - 0x799c896fff  hwTelephony-common.jar  ???
0x799c897000 - 0x799c89afff  libsigchain.so  ???
0x799c89f000 - 0x799c8b8fff  hwPartDFR.jar  ???
0x799c8b9000 - 0x799c8f6fff  hwPartBasicplatform.jar  ???
0x799c8f7000 - 0x799c8f8fff  libpimutex.so  ???
0x799c915000 - 0x799c917fff  hw_mdm_framework.jar]  ???  (WARNING: No symbols, , )
0x799c92f000 - 0x799c941fff  hwcustEmui.jar  ???
0x799c942000 - 0x799c9b2fff  libartbase.so  ???
0x799c9c0000 - 0x799ca23fff  okhttp.jar  ???
0x799ca24000 - 0x799ca28fff  libtombstoned_client.so  ???
0x799ca2d000 - 0x799ca37fff  hwcustframework.jar  ???
0x799ca38000 - 0x799ca3ffff  org.ifaa.android.manager.jar  ???
0x799ca40000 - 0x799ca5afff  hwPartAirSharing.jar  ???
0x799ca5f000 - 0x799ca65fff  hwPartVr.jar  ???
0x799ca66000 - 0x799ca68fff  hwPartMagicWindow.jar  ???
0x799ca69000 - 0x799ca6cfff  hwPartDefaultDFR.jar  ???
0x799ca6d000 - 0x799ca72fff  hwPartPowerOffice.jar  ???
0x799ca73000 - 0x799ca8dfff  hwPartConnectivity.jar  ???
0x799ca8e000 - 0x799ca91fff  hwIms-common.jar  ???
0x799ca92000 - 0x799ca97fff  hwPartSecurityFaceId.jar  ???
0x799ca98000 - 0x799ca9cfff  libtombstoned_client.so  ???
0x799ca9f000 - 0x799caa0fff  hwcustIms-common.jar  ???
0x799caa1000 - 0x799caa4fff  hwPartTelephonyCust.jar  ???
0x799caa5000 - 0x799cac6fff  telephony-separated.jar  ???
0x799cac7000 - 0x799caf0fff  ims-common.jar  ???
0x799caf1000 - 0x799cb31fff  libdexfile.so  ???
0x799cb35000 - 0x799cb5bfff  voip-common.jar  ???
0x799cb5c000 - 0x799cb7bfff  u:object_r:dft_syshwdebug_prop:s0  ???  (WARNING: No symbols, , )
0x799cb7d000 - 0x799cb7dfff  cgroup.rc  ???  (WARNING: No symbols, , )
0x799cb7e000 - 0x799cb86fff  android.test.base.jar  ???
0x799cb87000 - 0x799cb87fff  b644c9d7-957a-458d-a9c6-4a5eefd294bc (deleted)  ???  (WARNING: No symbols, , )
0x799cb8b000 - 0x799cbaafff  u:object_r:huawei_build_hide_prop:s0  ???  (WARNING: No symbols, , )
0x799cbab000 - 0x799cbcafff  u:object_r:huawei_config_mspes_prop:s0  ???  (WARNING: No symbols, , )
0x799cbcb000 - 0x799cbccfff  libartpalette.so  ???
0x799cbed000 - 0x799cc0cfff  u:object_r:exported_fingerprint_prop:s0  ???  (WARNING: No symbols, , )
0x799cc0d000 - 0x799cc3bfff  libprofile.so  ???
0x799cc48000 - 0x799cc67fff  u:object_r:persist_debug_prop:s0  ???  (WARNING: No symbols, , )
0x799cc68000 - 0x799cc87fff  u:object_r:exported_system_prop:s0  ???  (WARNING: No symbols, , )
0x799cc88000 - 0x799cca7fff  u:object_r:exported_vold_prop:s0  ???  (WARNING: No symbols, , )
0x799cca8000 - 0x799ccc7fff  u:object_r:exported_config_prop:s0  ???  (WARNING: No symbols, , )
0x799ccc8000 - 0x799ccedfff  libhme_jpeg_dec.so  ???
0x799cd03000 - 0x799cd22fff  u:object_r:dalvik_prop:s0  ???  (WARNING: No symbols, , )
0x799cd23000 - 0x799cd42fff  u:object_r:exported_dalvik_prop:s0  ???  (WARNING: No symbols, , )
0x799cd63000 - 0x799cd82fff  u:object_r:exported_default_prop:s0  ???  (WARNING: No symbols, , )
0x799cd83000 - 0x799cda2fff  u:object_r:log_tag_prop:s0  ???  (WARNING: No symbols, , )
0x799cda3000 - 0x799cda7fff  libiAwareSdkCore.so  ???
0x799cdb5000 - 0x799cdd4fff  u:object_r:logd_prop:s0  ???  (WARNING: No symbols, , )
0x799cdd5000 - 0x799cdf4fff  u:object_r:heapprofd_prop:s0  ???  (WARNING: No symbols, , )
0x799cdf5000 - 0x799ce14fff  u:object_r:dft_logsystemtype_prop:s0  ???  (WARNING: No symbols, , )
0x799ce15000 - 0x799ce34fff  u:object_r:exported2_default_prop:s0  ???  (WARNING: No symbols, , )
0x799ce35000 - 0x799ce54fff  u:object_r:debug_prop:s0  ???  (WARNING: No symbols, , )
0x799ce55000 - 0x799ce74fff  u:object_r:proc_list_hwfix_prop:s0  ???  (WARNING: No symbols, , )
0x799ce75000 - 0x799ce94fff  properties_serial  ???  (WARNING: No symbols, , )
0x799ce98000 - 0x799ceadfff  property_info  ???  (WARNING: No symbols, , )
0x799ceb7000 - 0x799ced6fff  u:object_r:exported3_default_prop:s0  ???  (WARNING: No symbols, , )
0x799ced7000 - 0x799cef6fff  u:object_r:default_prop:s0  ???  (WARNING: No symbols, , )
0x799cef7000 - 0x799cf16fff  u:object_r:system_prop:s0  ???  (WARNING: No symbols, , )
0x799cff3000 - 0x799d012fff  u:object_r:exported_default_prop:s0  ???  (WARNING: No symbols, , )
0x799d079000 - 0x799d098fff  u:object_r:debug_prop:s0  ???  (WARNING: No symbols, , )
0x799d09c000 - 0x799d0bbfff  u:object_r:proc_list_hwfix_prop:s0  ???  (WARNING: No symbols, , )
0x799d0bc000 - 0x799d0dbfff  properties_serial  ???  (WARNING: No symbols, , )
0x799d0df000 - 0x799d0f4fff  property_info  ???  (WARNING: No symbols, , )
0x799e16a000 - 0x799e16afff  linux-gate.so  ???
0x799e16b000 - 0x799e275fff  ld-android.so  ???
